Using pre-set license
Built from '6000.1/staging' branch; Version is '6000.1.13f1 (418bd0acaa6b) revision 4295632'; Using compiler version '194234433'; Build Type 'Release'
OS: 'Windows 11  (10.0.26100) 64bit Professional' Language: 'es' Physical Memory: 16134 MB
BatchMode: 1, IsHumanControllingUs: 0, StartBugReporterOnCrash: 0, Is64bit: 1, IsPro: 1
Date: 2025-12-10T04:29:08Z

COMMAND LINE ARGUMENTS:
C:\Program Files\Unity\Hub\Editor\6000.1.13f1\Editor\Unity.exe
-adb2
-batchMode
-noUpm
-name
AssetImportWorker1
-projectPath
C:/Users/PC/Documents/GitHub/bugalipsis
-logFile
Logs/AssetImportWorker1.log
-srvPort
58675
-job-worker-count
3
-background-job-worker-count
8
-gc-helper-count
1
-name
AssetImport
Successfully changed project path to: C:/Users/PC/Documents/GitHub/bugalipsis
C:/Users/PC/Documents/GitHub/bugalipsis
[UnityMemory] Configuration Parameters - Can be set up in boot.config
    "memorysetup-allocator-temp-initial-block-size-main=262144"
    "memorysetup-allocator-temp-initial-block-size-worker=262144"
    "memorysetup-bucket-allocator-granularity=16"
    "memorysetup-bucket-allocator-bucket-count=8"
    "memorysetup-bucket-allocator-block-size=33554432"
    "memorysetup-bucket-allocator-block-count=8"
    "memorysetup-main-allocator-block-size=16777216"
    "memorysetup-thread-allocator-block-size=16777216"
    "memorysetup-gfx-main-allocator-block-size=16777216"
    "memorysetup-gfx-thread-allocator-block-size=16777216"
    "memorysetup-cache-allocator-block-size=4194304"
    "memorysetup-typetree-allocator-block-size=2097152"
    "memorysetup-profiler-bucket-allocator-granularity=16"
    "memorysetup-profiler-bucket-allocator-bucket-count=8"
    "memorysetup-profiler-bucket-allocator-block-size=33554432"
    "memorysetup-profiler-bucket-allocator-block-count=8"
    "memorysetup-profiler-allocator-block-size=16777216"
    "memorysetup-profiler-editor-allocator-block-size=1048576"
    "memorysetup-temp-allocator-size-main=16777216"
    "memorysetup-job-temp-allocator-block-size=2097152"
    "memorysetup-job-temp-allocator-block-size-background=1048576"
    "memorysetup-job-temp-allocator-reduction-small-platforms=262144"
    "memorysetup-temp-allocator-size-background-worker=32768"
    "memorysetup-temp-allocator-size-job-worker=262144"
    "memorysetup-temp-allocator-size-preload-manager=33554432"
    "memorysetup-temp-allocator-size-nav-mesh-worker=65536"
    "memorysetup-temp-allocator-size-audio-worker=65536"
    "memorysetup-temp-allocator-size-cloud-worker=32768"
    "memorysetup-temp-allocator-size-gi-baking-worker=262144"
    "memorysetup-temp-allocator-size-gi-baking-worker=262144"
    "memorysetup-temp-allocator-size-gi-baking-worker=262144"
    "memorysetup-temp-allocator-size-gi-baking-worker=262144"
    "memorysetup-temp-allocator-size-gi-baking-worker=262144"
    "memorysetup-temp-allocator-size-gfx=262144"
Player connection [25040]  Target information:

Player connection [25040]  * "[IP] 192.168.1.87 [Port] 0 [Flags] 2 [Guid] 3093339193 [EditorId] 3093339193 [Version] 1048832 [Id] WindowsEditor(7,PC) [Debug] 1 [PackageName] WindowsEditor [ProjectName] Editor" 

Player connection [25040] Host joined multi-casting on [225.0.0.222:54997]...
Player connection [25040] Host joined alternative multi-casting on [225.0.0.222:34997]...
JobSystem: Creating JobQueue using job-worker-count value 3
Input System module state changed to: Initialized.
[Physics::Module] Initialized fallback backend.
[Physics::Module] Id: 0xdecafbad
Library Redirect Path: Library/
[Physics::Module] Selected backend.
[Physics::Module] Name: PhysX
[Physics::Module] Id: 0xf2b8ea05
[Physics::Module] SDK Version: 4.1.2
[Physics::Module] Integration Version: 1.0.0
[Physics::Module] Threading Mode: Multi-Threaded
Refreshing native plugins compatible for Editor in 46.08 ms, found 4 plugins.
Preloading 0 native plugins for Editor in 0.00 ms.
Initialize engine version: 6000.1.13f1 (418bd0acaa6b)
[Subsystems] Discovering subsystems at path C:/Program Files/Unity/Hub/Editor/6000.1.13f1/Editor/Data/Resources/UnitySubsystems
[Subsystems] Discovering subsystems at path C:/Users/PC/Documents/GitHub/bugalipsis/Assets
GfxDevice: creating device client; kGfxThreadingModeNonThreaded
Direct3D:
    Version:         Direct3D 12 [level 12.1]
    Renderer:        NVIDIA Quadro P520 (ID=0x1d34)
    Vendor:          NVIDIA
    VRAM:            1968 MB
    App VRAM Budget: 1673 MB
    Driver:          32.0.15.7357
Initialize mono
Mono path[0] = 'C:/Program Files/Unity/Hub/Editor/6000.1.13f1/Editor/Data/Managed'
Mono path[1] = 'C:/Program Files/Unity/Hub/Editor/6000.1.13f1/Editor/Data/MonoBleedingEdge/lib/mono/unityjit-win32'
Mono config path = 'C:/Program Files/Unity/Hub/Editor/6000.1.13f1/Editor/Data/MonoBleedingEdge/etc'
Using monoOptions --debugger-agent=transport=dt_socket,embedding=1,server=y,suspend=n,address=127.0.0.1:56580
Begin MonoManager ReloadAssembly
Registering precompiled unity dll's ...
Register platform support module: C:/Program Files/Unity/Hub/Editor/6000.1.13f1/Editor/Data/PlaybackEngines/WindowsStandaloneSupport/UnityEditor.WindowsStandalone.Extensions.dll
Registered in 0.036048 seconds.
- Loaded All Assemblies, in  6.928 seconds
Native extension for WindowsStandalone target not found
Mono: successfully reloaded assembly
- Finished resetting the current domain, in  7.097 seconds
Domain Reload Profiling: 13977ms
	BeginReloadAssembly (2854ms)
		ExecutionOrderSort (0ms)
		DisableScriptedObjects (0ms)
		BackupInstance (0ms)
		ReleaseScriptingObjects (0ms)
		CreateAndSetChildDomain (12ms)
	RebuildCommonClasses (820ms)
	RebuildNativeTypeToScriptingClass (232ms)
	initialDomainReloadingComplete (807ms)
	LoadAllAssembliesAndSetupDomain (2163ms)
		LoadAssemblies (2784ms)
		RebuildTransferFunctionScriptingTraits (0ms)
		AnalyzeDomain (2119ms)
			TypeCache.Refresh (2104ms)
				TypeCache.ScanAssembly (1944ms)
			BuildScriptInfoCaches (1ms)
			ResolveRequiredComponents (5ms)
	FinalizeReload (7101ms)
		ReleaseScriptCaches (0ms)
		RebuildScriptCaches (0ms)
		SetupLoadedEditorAssemblies (6525ms)
			LogAssemblyErrors (0ms)
			InitializePlatformSupportModulesInManaged (1758ms)
			SetLoadedEditorAssemblies (112ms)
			BeforeProcessingInitializeOnLoad (1641ms)
			ProcessInitializeOnLoadAttributes (2365ms)
			ProcessInitializeOnLoadMethodAttributes (648ms)
			AfterProcessingInitializeOnLoad (0ms)
			EditorAssembliesLoaded (1ms)
		ExecutionOrderSort2 (0ms)
		AwakeInstancesAfterBackupRestoration (0ms)
========================================================================
Worker process is ready to serve import requests
Import Worker Mode flag is 0x00
Begin MonoManager ReloadAssembly
- Loaded All Assemblies, in 13.999 seconds
Refreshing native plugins compatible for Editor in 25.57 ms, found 4 plugins.
Native extension for WindowsStandalone target not found
Mono: successfully reloaded assembly
- Finished resetting the current domain, in 11.134 seconds
Domain Reload Profiling: 25074ms
	BeginReloadAssembly (3019ms)
		ExecutionOrderSort (0ms)
		DisableScriptedObjects (217ms)
		BackupInstance (0ms)
		ReleaseScriptingObjects (0ms)
		CreateAndSetChildDomain (344ms)
	RebuildCommonClasses (707ms)
	RebuildNativeTypeToScriptingClass (217ms)
	initialDomainReloadingComplete (527ms)
	LoadAllAssembliesAndSetupDomain (9464ms)
		LoadAssemblies (5388ms)
		RebuildTransferFunctionScriptingTraits (0ms)
		AnalyzeDomain (5531ms)
			TypeCache.Refresh (4217ms)
				TypeCache.ScanAssembly (4051ms)
			BuildScriptInfoCaches (1001ms)
			ResolveRequiredComponents (257ms)
	FinalizeReload (11139ms)
		ReleaseScriptCaches (0ms)
		RebuildScriptCaches (0ms)
		SetupLoadedEditorAssemblies (9273ms)
			LogAssemblyErrors (0ms)
			InitializePlatformSupportModulesInManaged (32ms)
			SetLoadedEditorAssemblies (73ms)
			BeforeProcessingInitializeOnLoad (2319ms)
			ProcessInitializeOnLoadAttributes (5272ms)
			ProcessInitializeOnLoadMethodAttributes (1509ms)
			AfterProcessingInitializeOnLoad (67ms)
			EditorAssembliesLoaded (1ms)
		ExecutionOrderSort2 (0ms)
		AwakeInstancesAfterBackupRestoration (92ms)
Launched and connected shader compiler UnityShaderCompiler.exe after 0.25 seconds
Refreshing native plugins compatible for Editor in 18.57 ms, found 4 plugins.
Preloading 0 native plugins for Editor in 0.00 ms.
Unloading 13 Unused Serialized files (Serialized files now loaded: 0)
Unloading 6712 unused Assets / (4.6 MB). Loaded Objects now: 7439.
Memory consumption went from 135.8 MB to 131.2 MB.
Total: 84.702800 ms (FindLiveObjects: 6.908700 ms CreateObjectMapping: 6.027900 ms MarkObjects: 52.271700 ms  DeleteObjects: 19.488300 ms)

========================================================================
Received Import Request.
  Time since last request: 1809687.654650 seconds.
  path: Assets/ARTE/PISTAS/CENIZA/ceniza.png
  artifactKey: Guid(ee3bf4e7c80cb074fa682696c1acd387) Importer(815301076,1909f56bfc062723c751e8b465ee728b)
Start importing Assets/ARTE/PISTAS/CENIZA/ceniza.png using Guid(ee3bf4e7c80cb074fa682696c1acd387) Importer(815301076,1909f56bfc062723c751e8b465ee728b) (PreviewImporter) -> (artifact id: 'a86b024c42063000b87762a648e3705e') in 1.1671554 seconds
Number of updated asset objects reloaded before import = 0Number of asset objects unloaded after import = 3

========================================================================
Received Import Request.
  Time since last request: 0.000135 seconds.
  path: Assets/ARTE/PISTAS/CENIZA/CENIZA.prefab
  artifactKey: Guid(2cf8fb2ca26118b4f8606274022a72ba) Importer(815301076,1909f56bfc062723c751e8b465ee728b)
Start importing Assets/ARTE/PISTAS/CENIZA/CENIZA.prefab using Guid(2cf8fb2ca26118b4f8606274022a72ba) Importer(815301076,1909f56bfc062723c751e8b465ee728b) (PreviewImporter) -> (artifact id: '27ac7e3e396bc0028900863c6ea8c001') in 5.5732901 seconds
Number of updated asset objects reloaded before import = 0Number of asset objects unloaded after import = 13

========================================================================
Received Import Request.
  Time since last request: 3482.004927 seconds.
  path: Assets/ARTE/PISTAS/LAVA/lava_0.asset
  artifactKey: Guid(3db061eb7be0eb44d800ee4b9b759c19) Importer(815301076,1909f56bfc062723c751e8b465ee728b)
Start importing Assets/ARTE/PISTAS/LAVA/lava_0.asset using Guid(3db061eb7be0eb44d800ee4b9b759c19) Importer(815301076,1909f56bfc062723c751e8b465ee728b) (PreviewImporter) -> (artifact id: '76325750fd2c96a55f96c499fc0bf1ba') in 2.1541779 seconds
Number of updated asset objects reloaded before import = 0Number of asset objects unloaded after import = 3

