Using pre-set license
Built from '6000.1/staging' branch; Version is '6000.1.13f1 (418bd0acaa6b) revision 4295632'; Using compiler version '194234433'; Build Type 'Release'
OS: 'Windows 11  (10.0.26100) 64bit Professional' Language: 'es' Physical Memory: 16134 MB
BatchMode: 1, IsHumanControllingUs: 0, StartBugReporterOnCrash: 0, Is64bit: 1, IsPro: 1
Date: 2025-12-09T03:39:57Z

COMMAND LINE ARGUMENTS:
C:\Program Files\Unity\Hub\Editor\6000.1.13f1\Editor\Unity.exe
-adb2
-batchMode
-noUpm
-name
AssetImportWorker0
-projectPath
C:/Users/PC/Documents/GitHub/bugalipsis
-logFile
Logs/AssetImportWorker0.log
-srvPort
61799
-job-worker-count
3
-background-job-worker-count
8
-gc-helper-count
1
-name
AssetImport
Successfully changed project path to: C:/Users/PC/Documents/GitHub/bugalipsis
C:/Users/PC/Documents/GitHub/bugalipsis
[UnityMemory] Configuration Parameters - Can be set up in boot.config
    "memorysetup-allocator-temp-initial-block-size-main=262144"
    "memorysetup-allocator-temp-initial-block-size-worker=262144"
    "memorysetup-bucket-allocator-granularity=16"
    "memorysetup-bucket-allocator-bucket-count=8"
    "memorysetup-bucket-allocator-block-size=33554432"
    "memorysetup-bucket-allocator-block-count=8"
    "memorysetup-main-allocator-block-size=16777216"
    "memorysetup-thread-allocator-block-size=16777216"
    "memorysetup-gfx-main-allocator-block-size=16777216"
    "memorysetup-gfx-thread-allocator-block-size=16777216"
    "memorysetup-cache-allocator-block-size=4194304"
    "memorysetup-typetree-allocator-block-size=2097152"
    "memorysetup-profiler-bucket-allocator-granularity=16"
    "memorysetup-profiler-bucket-allocator-bucket-count=8"
    "memorysetup-profiler-bucket-allocator-block-size=33554432"
    "memorysetup-profiler-bucket-allocator-block-count=8"
    "memorysetup-profiler-allocator-block-size=16777216"
    "memorysetup-profiler-editor-allocator-block-size=1048576"
    "memorysetup-temp-allocator-size-main=16777216"
    "memorysetup-job-temp-allocator-block-size=2097152"
    "memorysetup-job-temp-allocator-block-size-background=1048576"
    "memorysetup-job-temp-allocator-reduction-small-platforms=262144"
    "memorysetup-temp-allocator-size-background-worker=32768"
    "memorysetup-temp-allocator-size-job-worker=262144"
    "memorysetup-temp-allocator-size-preload-manager=33554432"
    "memorysetup-temp-allocator-size-nav-mesh-worker=65536"
    "memorysetup-temp-allocator-size-audio-worker=65536"
    "memorysetup-temp-allocator-size-cloud-worker=32768"
    "memorysetup-temp-allocator-size-gi-baking-worker=262144"
    "memorysetup-temp-allocator-size-gi-baking-worker=262144"
    "memorysetup-temp-allocator-size-gi-baking-worker=262144"
    "memorysetup-temp-allocator-size-gi-baking-worker=262144"
    "memorysetup-temp-allocator-size-gi-baking-worker=262144"
    "memorysetup-temp-allocator-size-gfx=262144"
Player connection [5628]  Target information:

Player connection [5628]  * "[IP] 192.168.1.87 [Port] 0 [Flags] 2 [Guid] 1476699414 [EditorId] 1476699414 [Version] 1048832 [Id] WindowsEditor(7,PC) [Debug] 1 [PackageName] WindowsEditor [ProjectName] Editor" 

Player connection [5628] Host joined multi-casting on [225.0.0.222:54997]...
Player connection [5628] Host joined alternative multi-casting on [225.0.0.222:34997]...
JobSystem: Creating JobQueue using job-worker-count value 3
Input System module state changed to: Initialized.
[Physics::Module] Initialized fallback backend.
[Physics::Module] Id: 0xdecafbad
Library Redirect Path: Library/
[Physics::Module] Selected backend.
[Physics::Module] Name: PhysX
[Physics::Module] Id: 0xf2b8ea05
[Physics::Module] SDK Version: 4.1.2
[Physics::Module] Integration Version: 1.0.0
[Physics::Module] Threading Mode: Multi-Threaded
Refreshing native plugins compatible for Editor in 22.64 ms, found 4 plugins.
Preloading 0 native plugins for Editor in 0.00 ms.
Initialize engine version: 6000.1.13f1 (418bd0acaa6b)
[Subsystems] Discovering subsystems at path C:/Program Files/Unity/Hub/Editor/6000.1.13f1/Editor/Data/Resources/UnitySubsystems
[Subsystems] Discovering subsystems at path C:/Users/PC/Documents/GitHub/bugalipsis/Assets
GfxDevice: creating device client; kGfxThreadingModeNonThreaded
Direct3D:
    Version:         Direct3D 12 [level 12.1]
    Renderer:        NVIDIA Quadro P520 (ID=0x1d34)
    Vendor:          NVIDIA
    VRAM:            1968 MB
    App VRAM Budget: 1673 MB
    Driver:          32.0.15.7357
Initialize mono
Mono path[0] = 'C:/Program Files/Unity/Hub/Editor/6000.1.13f1/Editor/Data/Managed'
Mono path[1] = 'C:/Program Files/Unity/Hub/Editor/6000.1.13f1/Editor/Data/MonoBleedingEdge/lib/mono/unityjit-win32'
Mono config path = 'C:/Program Files/Unity/Hub/Editor/6000.1.13f1/Editor/Data/MonoBleedingEdge/etc'
Using monoOptions --debugger-agent=transport=dt_socket,embedding=1,server=y,suspend=n,address=127.0.0.1:56220
Begin MonoManager ReloadAssembly
Registering precompiled unity dll's ...
Register platform support module: C:/Program Files/Unity/Hub/Editor/6000.1.13f1/Editor/Data/PlaybackEngines/WindowsStandaloneSupport/UnityEditor.WindowsStandalone.Extensions.dll
Registered in 0.004776 seconds.
- Loaded All Assemblies, in  1.101 seconds
Native extension for WindowsStandalone target not found
Mono: successfully reloaded assembly
- Finished resetting the current domain, in  0.795 seconds
Domain Reload Profiling: 1887ms
	BeginReloadAssembly (358ms)
		ExecutionOrderSort (0ms)
		DisableScriptedObjects (0ms)
		BackupInstance (0ms)
		ReleaseScriptingObjects (0ms)
		CreateAndSetChildDomain (2ms)
	RebuildCommonClasses (115ms)
	RebuildNativeTypeToScriptingClass (35ms)
	initialDomainReloadingComplete (135ms)
	LoadAllAssembliesAndSetupDomain (448ms)
		LoadAssemblies (349ms)
		RebuildTransferFunctionScriptingTraits (0ms)
		AnalyzeDomain (441ms)
			TypeCache.Refresh (439ms)
				TypeCache.ScanAssembly (411ms)
			BuildScriptInfoCaches (0ms)
			ResolveRequiredComponents (1ms)
	FinalizeReload (795ms)
		ReleaseScriptCaches (0ms)
		RebuildScriptCaches (0ms)
		SetupLoadedEditorAssemblies (695ms)
			LogAssemblyErrors (0ms)
			InitializePlatformSupportModulesInManaged (105ms)
			SetLoadedEditorAssemblies (7ms)
			BeforeProcessingInitializeOnLoad (133ms)
			ProcessInitializeOnLoadAttributes (293ms)
			ProcessInitializeOnLoadMethodAttributes (155ms)
			AfterProcessingInitializeOnLoad (0ms)
			EditorAssembliesLoaded (0ms)
		ExecutionOrderSort2 (0ms)
		AwakeInstancesAfterBackupRestoration (0ms)
========================================================================
Worker process is ready to serve import requests
Import Worker Mode flag is 0x00
Begin MonoManager ReloadAssembly
- Loaded All Assemblies, in  2.574 seconds
Refreshing native plugins compatible for Editor in 5.20 ms, found 4 plugins.
Native extension for WindowsStandalone target not found
Mono: successfully reloaded assembly
- Finished resetting the current domain, in  2.543 seconds
Domain Reload Profiling: 5102ms
	BeginReloadAssembly (514ms)
		ExecutionOrderSort (0ms)
		DisableScriptedObjects (18ms)
		BackupInstance (0ms)
		ReleaseScriptingObjects (0ms)
		CreateAndSetChildDomain (71ms)
	RebuildCommonClasses (126ms)
	RebuildNativeTypeToScriptingClass (38ms)
	initialDomainReloadingComplete (119ms)
	LoadAllAssembliesAndSetupDomain (1760ms)
		LoadAssemblies (1045ms)
		RebuildTransferFunctionScriptingTraits (0ms)
		AnalyzeDomain (1016ms)
			TypeCache.Refresh (775ms)
				TypeCache.ScanAssembly (732ms)
			BuildScriptInfoCaches (195ms)
			ResolveRequiredComponents (35ms)
	FinalizeReload (2544ms)
		ReleaseScriptCaches (0ms)
		RebuildScriptCaches (0ms)
		SetupLoadedEditorAssemblies (2125ms)
			LogAssemblyErrors (0ms)
			InitializePlatformSupportModulesInManaged (4ms)
			SetLoadedEditorAssemblies (9ms)
			BeforeProcessingInitializeOnLoad (504ms)
			ProcessInitializeOnLoadAttributes (1220ms)
			ProcessInitializeOnLoadMethodAttributes (374ms)
			AfterProcessingInitializeOnLoad (14ms)
			EditorAssembliesLoaded (0ms)
		ExecutionOrderSort2 (0ms)
		AwakeInstancesAfterBackupRestoration (24ms)
Launched and connected shader compiler UnityShaderCompiler.exe after 0.03 seconds
Refreshing native plugins compatible for Editor in 4.76 ms, found 4 plugins.
Preloading 0 native plugins for Editor in 0.00 ms.
Unloading 13 Unused Serialized files (Serialized files now loaded: 0)
Unloading 6712 unused Assets / (4.8 MB). Loaded Objects now: 7439.
Memory consumption went from 135.8 MB to 131.0 MB.
Total: 24.857000 ms (FindLiveObjects: 1.429100 ms CreateObjectMapping: 2.448800 ms MarkObjects: 14.318000 ms  DeleteObjects: 6.659000 ms)

========================================================================
Received Import Request.
  Time since last request: 1720270.937174 seconds.
  path: Assets/UniversalRenderPipelineGlobalSettings.asset
  artifactKey: Guid(93b439a37f63240aca3dd4e01d978a9f) Importer(815301076,1909f56bfc062723c751e8b465ee728b)
Start importing Assets/UniversalRenderPipelineGlobalSettings.asset using Guid(93b439a37f63240aca3dd4e01d978a9f) Importer(815301076,1909f56bfc062723c751e8b465ee728b) (PreviewImporter) -> (artifact id: 'cc1d50698be3f039bb085f5c8c3f7cf8') in 0.0714443 seconds
Number of updated asset objects reloaded before import = 0Number of asset objects unloaded after import = 0

========================================================================
Received Import Request.
  Time since last request: 0.000037 seconds.
  path: Assets/DefaultVolumeProfile.asset
  artifactKey: Guid(3f9215ea0144899419cfbc0957140d3f) Importer(815301076,1909f56bfc062723c751e8b465ee728b)
Start importing Assets/DefaultVolumeProfile.asset using Guid(3f9215ea0144899419cfbc0957140d3f) Importer(815301076,1909f56bfc062723c751e8b465ee728b) (PreviewImporter) -> (artifact id: '65636432c56742a06922c04c04ec00a3') in 0.0023155 seconds
Number of updated asset objects reloaded before import = 0Number of asset objects unloaded after import = 0

========================================================================
Received Import Request.
  Time since last request: 276.361673 seconds.
  path: Assets/Scenes
  artifactKey: Guid(109e9bdd0fcc649c5bc59085c35bdc83) Importer(815301076,1909f56bfc062723c751e8b465ee728b)
Start importing Assets/Scenes using Guid(109e9bdd0fcc649c5bc59085c35bdc83) Importer(815301076,1909f56bfc062723c751e8b465ee728b) (PreviewImporter) -> (artifact id: '73258d2a0164082a0def4806f88e2269') in 0.0008927 seconds
Number of updated asset objects reloaded before import = 0Number of asset objects unloaded after import = 0

========================================================================
Received Import Request.
  Time since last request: 20.301175 seconds.
  path: Assets/FontPack/BalsamiqSans-Bold.ttf
  artifactKey: Guid(ab7fc62523216ca41b9eb0304d2708b1) Importer(815301076,1909f56bfc062723c751e8b465ee728b)
Start importing Assets/FontPack/BalsamiqSans-Bold.ttf using Guid(ab7fc62523216ca41b9eb0304d2708b1) Importer(815301076,1909f56bfc062723c751e8b465ee728b) (PreviewImporter) -> (artifact id: '1867563dc38c3002974bc2274d76d0bd') in 1.0874137 seconds
Number of updated asset objects reloaded before import = 0Number of asset objects unloaded after import = 4

========================================================================
Received Import Request.
  Time since last request: 6.515390 seconds.
  path: Assets/ARTE/PERSONAJES
  artifactKey: Guid(f52e9fe4558ac554e97a896b8c52a419) Importer(815301076,1909f56bfc062723c751e8b465ee728b)
Start importing Assets/ARTE/PERSONAJES using Guid(f52e9fe4558ac554e97a896b8c52a419) Importer(815301076,1909f56bfc062723c751e8b465ee728b) (PreviewImporter) -> (artifact id: '326f1f6517d2c59f1354281264266f48') in 0.0008172 seconds
Number of updated asset objects reloaded before import = 0Number of asset objects unloaded after import = 0

========================================================================
Received Import Request.
  Time since last request: 0.016967 seconds.
  path: Assets/ARTE/PERSONAJES/hormigaimagen.png
  artifactKey: Guid(1fde8dc3c1cdb1443a090734fa25f4b7) Importer(815301076,1909f56bfc062723c751e8b465ee728b)
Start importing Assets/ARTE/PERSONAJES/hormigaimagen.png using Guid(1fde8dc3c1cdb1443a090734fa25f4b7) Importer(815301076,1909f56bfc062723c751e8b465ee728b) (PreviewImporter) -> (artifact id: 'db5746d296411a9c52d84d94a3a17014') in 0.0377942 seconds
Number of updated asset objects reloaded before import = 0Number of asset objects unloaded after import = 3

========================================================================
Received Import Request.
  Time since last request: 650.550876 seconds.
  path: Assets/ARTE/PERSONAJES/hormigaroja1.png
  artifactKey: Guid(4d3b74371b3ca7b429196d34b6522375) Importer(815301076,1909f56bfc062723c751e8b465ee728b)
Start importing Assets/ARTE/PERSONAJES/hormigaroja1.png using Guid(4d3b74371b3ca7b429196d34b6522375) Importer(815301076,1909f56bfc062723c751e8b465ee728b) (PreviewImporter) -> (artifact id: 'cb7dfe67188d58c9ffc0b12563af22b9') in 0.1719227 seconds
Number of updated asset objects reloaded before import = 0Number of asset objects unloaded after import = 3

========================================================================
Received Import Request.
  Time since last request: 32.991855 seconds.
  path: Assets/ARTE/PERSONAJES/HORMIGANEGRA
  artifactKey: Guid(3912235ea7dda534880823eafb9112d7) Importer(815301076,1909f56bfc062723c751e8b465ee728b)
Start importing Assets/ARTE/PERSONAJES/HORMIGANEGRA using Guid(3912235ea7dda534880823eafb9112d7) Importer(815301076,1909f56bfc062723c751e8b465ee728b) (PreviewImporter) -> (artifact id: 'a54e457a5b72a585552af685e5fe1b12') in 0.0013596 seconds
Number of updated asset objects reloaded before import = 0Number of asset objects unloaded after import = 0

========================================================================
Received Import Request.
  Time since last request: 26.608604 seconds.
  path: Assets/ARTE/PERSONAJES/hormigaroja
  artifactKey: Guid(bd2432236145d6e49a237c416c8a3d30) Importer(815301076,1909f56bfc062723c751e8b465ee728b)
Start importing Assets/ARTE/PERSONAJES/hormigaroja using Guid(bd2432236145d6e49a237c416c8a3d30) Importer(815301076,1909f56bfc062723c751e8b465ee728b) (PreviewImporter) -> (artifact id: '28a6e5923ca73978be52a0fc91655bf1') in 0.0009631 seconds
Number of updated asset objects reloaded before import = 0Number of asset objects unloaded after import = 0

========================================================================
Received Import Request.
  Time since last request: 423.053153 seconds.
  path: Assets/ARTE/PERSONAJES/HORMIGAROJA
  artifactKey: Guid(bd2432236145d6e49a237c416c8a3d30) Importer(815301076,1909f56bfc062723c751e8b465ee728b)
Start importing Assets/ARTE/PERSONAJES/HORMIGAROJA using Guid(bd2432236145d6e49a237c416c8a3d30) Importer(815301076,1909f56bfc062723c751e8b465ee728b) (PreviewImporter) -> (artifact id: 'df6b115d27048b90b378bb6d9c981ace') in 0.0012915 seconds
Number of updated asset objects reloaded before import = 0Number of asset objects unloaded after import = 0

========================================================================
Received Import Request.
  Time since last request: 2.590481 seconds.
  path: Assets/ARTE/PERSONAJES/Materials
  artifactKey: Guid(3aace902cf7d8b2498b0275d8bb48289) Importer(815301076,1909f56bfc062723c751e8b465ee728b)
Start importing Assets/ARTE/PERSONAJES/Materials using Guid(3aace902cf7d8b2498b0275d8bb48289) Importer(815301076,1909f56bfc062723c751e8b465ee728b) (PreviewImporter) -> (artifact id: '5ecdf4fb7213e649588872b73571e906') in 0.0006028 seconds
Number of updated asset objects reloaded before import = 0Number of asset objects unloaded after import = 0

========================================================================
Received Import Request.
  Time since last request: 0.000026 seconds.
  path: Assets/ARTE/PERSONAJES/Materials/hormigaimagen.mat
  artifactKey: Guid(838647d6623fe7e46b4a18654b029f3b) Importer(815301076,1909f56bfc062723c751e8b465ee728b)
Start importing Assets/ARTE/PERSONAJES/Materials/hormigaimagen.mat using Guid(838647d6623fe7e46b4a18654b029f3b) Importer(815301076,1909f56bfc062723c751e8b465ee728b) (PreviewImporter) -> (artifact id: '2990f564ed1a8cbb4113661b454e90db') in 0.1390512 seconds
Number of updated asset objects reloaded before import = 0Number of asset objects unloaded after import = 2

========================================================================
Received Import Request.
  Time since last request: 449.834341 seconds.
  path: Assets/ARTE/New Folder/hormiganegramenu.png
  artifactKey: Guid(e704eaf685f81934d9976d0c06a96dc4) Importer(815301076,1909f56bfc062723c751e8b465ee728b)
Start importing Assets/ARTE/New Folder/hormiganegramenu.png using Guid(e704eaf685f81934d9976d0c06a96dc4) Importer(815301076,1909f56bfc062723c751e8b465ee728b) (PreviewImporter) -> (artifact id: '6882db0b0a5146d57840ac34fb2abf22') in 0.1572098 seconds
Number of updated asset objects reloaded before import = 0Number of asset objects unloaded after import = 3

========================================================================
Received Import Request.
  Time since last request: 15.101851 seconds.
  path: Assets/ARTE/New Folder
  artifactKey: Guid(23fa1f0b0aa678d44a71a521679fab2a) Importer(815301076,1909f56bfc062723c751e8b465ee728b)
Start importing Assets/ARTE/New Folder using Guid(23fa1f0b0aa678d44a71a521679fab2a) Importer(815301076,1909f56bfc062723c751e8b465ee728b) (PreviewImporter) -> (artifact id: 'e34f56049dbd6258dda7870a93f5e116') in 0.0008014 seconds
Number of updated asset objects reloaded before import = 0Number of asset objects unloaded after import = 0

========================================================================
Received Import Request.
  Time since last request: 11.769362 seconds.
  path: Assets/ARTE/MENU
  artifactKey: Guid(4e3c41c8f7409aa4aa6434b34079dbbe) Importer(815301076,1909f56bfc062723c751e8b465ee728b)
Start importing Assets/ARTE/MENU using Guid(4e3c41c8f7409aa4aa6434b34079dbbe) Importer(815301076,1909f56bfc062723c751e8b465ee728b) (PreviewImporter) -> (artifact id: 'aed4d32401769e000459a5aa95e8c57e') in 0.0006419 seconds
Number of updated asset objects reloaded before import = 0Number of asset objects unloaded after import = 0

========================================================================
Received Import Request.
  Time since last request: 41.551990 seconds.
  path: Assets/ARTE/MENU/MENUPERSONAJES
  artifactKey: Guid(23fa1f0b0aa678d44a71a521679fab2a) Importer(815301076,1909f56bfc062723c751e8b465ee728b)
Start importing Assets/ARTE/MENU/MENUPERSONAJES using Guid(23fa1f0b0aa678d44a71a521679fab2a) Importer(815301076,1909f56bfc062723c751e8b465ee728b) (PreviewImporter) -> (artifact id: 'f490724368cc57359d67e8e88d986c38') in 0.0007957 seconds
Number of updated asset objects reloaded before import = 0Number of asset objects unloaded after import = 0

========================================================================
Received Import Request.
  Time since last request: 111.266764 seconds.
  path: Assets/ARTE/MENU/MENUPRINCIPAL
  artifactKey: Guid(fad28de338ea9444eb171577c4b050dd) Importer(815301076,1909f56bfc062723c751e8b465ee728b)
Start importing Assets/ARTE/MENU/MENUPRINCIPAL using Guid(fad28de338ea9444eb171577c4b050dd) Importer(815301076,1909f56bfc062723c751e8b465ee728b) (PreviewImporter) -> (artifact id: 'cee66952c3d0f79afb086a7489d31c06') in 0.0010918 seconds
Number of updated asset objects reloaded before import = 0Number of asset objects unloaded after import = 0

========================================================================
Received Import Request.
  Time since last request: 41.968177 seconds.
  path: Assets/Scenes/PISTA2.unity
  artifactKey: Guid(645f91e20a2a06d438195fafd108e82e) Importer(815301076,1909f56bfc062723c751e8b465ee728b)
Start importing Assets/Scenes/PISTA2.unity using Guid(645f91e20a2a06d438195fafd108e82e) Importer(815301076,1909f56bfc062723c751e8b465ee728b) (PreviewImporter) -> (artifact id: '896b65536c431ecf5caf814bb31429ff') in 0.0007878 seconds
Number of updated asset objects reloaded before import = 0Number of asset objects unloaded after import = 0

========================================================================
Received Import Request.
  Time since last request: 719.743356 seconds.
  path: Assets/ARTE/PISTAS
  artifactKey: Guid(526faf683b22ef54d8072d3907db0b58) Importer(815301076,1909f56bfc062723c751e8b465ee728b)
Start importing Assets/ARTE/PISTAS using Guid(526faf683b22ef54d8072d3907db0b58) Importer(815301076,1909f56bfc062723c751e8b465ee728b) (PreviewImporter) -> (artifact id: '63f51568aaba994ba82495a1c07219ed') in 0.0033708 seconds
Number of updated asset objects reloaded before import = 0Number of asset objects unloaded after import = 0

========================================================================
Received Import Request.
  Time since last request: 6.688323 seconds.
  path: Assets/ARTE/PISTAS/lodo
  artifactKey: Guid(90ba15f603436624fb9fb91679629ebd) Importer(815301076,1909f56bfc062723c751e8b465ee728b)
Start importing Assets/ARTE/PISTAS/lodo using Guid(90ba15f603436624fb9fb91679629ebd) Importer(815301076,1909f56bfc062723c751e8b465ee728b) (PreviewImporter) -> (artifact id: '82b3c64a35cc79d5246104c09f31b961') in 0.0029822 seconds
Number of updated asset objects reloaded before import = 0Number of asset objects unloaded after import = 0

========================================================================
Received Import Request.
  Time since last request: 14.588994 seconds.
  path: Assets/ARTE/PISTAS/LODO
  artifactKey: Guid(90ba15f603436624fb9fb91679629ebd) Importer(815301076,1909f56bfc062723c751e8b465ee728b)
Start importing Assets/ARTE/PISTAS/LODO using Guid(90ba15f603436624fb9fb91679629ebd) Importer(815301076,1909f56bfc062723c751e8b465ee728b) (PreviewImporter) -> (artifact id: '13cd799d76b0c488499e04def8883326') in 0.0011325 seconds
Number of updated asset objects reloaded before import = 0Number of asset objects unloaded after import = 0

========================================================================
Received Import Request.
  Time since last request: 141.467297 seconds.
  path: Assets/ARTE/PISTAS/ROCAV
  artifactKey: Guid(572eda76b4b983b4aad46c3f66fbdbbf) Importer(815301076,1909f56bfc062723c751e8b465ee728b)
Start importing Assets/ARTE/PISTAS/ROCAV using Guid(572eda76b4b983b4aad46c3f66fbdbbf) Importer(815301076,1909f56bfc062723c751e8b465ee728b) (PreviewImporter) -> (artifact id: '920fe0695eda185406f75dc2d550630e') in 0.0037414 seconds
Number of updated asset objects reloaded before import = 0Number of asset objects unloaded after import = 0

========================================================================
Received Import Request.
  Time since last request: 35.770109 seconds.
  path: Assets/ARTE/PISTAS/ROCAV/vlcanlc.png
  artifactKey: Guid(7c423976afd9fa645bdd82c7c07b0cf6) Importer(815301076,1909f56bfc062723c751e8b465ee728b)
Start importing Assets/ARTE/PISTAS/ROCAV/vlcanlc.png using Guid(7c423976afd9fa645bdd82c7c07b0cf6) Importer(815301076,1909f56bfc062723c751e8b465ee728b) (PreviewImporter) -> (artifact id: 'dfd3874fe047ed446e8beb9166d2bf2d') in 0.3009846 seconds
Number of updated asset objects reloaded before import = 0Number of asset objects unloaded after import = 3

========================================================================
Received Import Request.
  Time since last request: 0.000048 seconds.
  path: Assets/ARTE/PISTAS/ROCAV/volcanld.png
  artifactKey: Guid(da59cec5d23a1464583802c7586d7434) Importer(815301076,1909f56bfc062723c751e8b465ee728b)
Start importing Assets/ARTE/PISTAS/ROCAV/volcanld.png using Guid(da59cec5d23a1464583802c7586d7434) Importer(815301076,1909f56bfc062723c751e8b465ee728b) (PreviewImporter) -> (artifact id: '1d9fb8d486a151e476fed65d7fadfaf9') in 0.0295989 seconds
Number of updated asset objects reloaded before import = 0Number of asset objects unloaded after import = 3

========================================================================
Received Import Request.
  Time since last request: 0.000067 seconds.
  path: Assets/ARTE/PISTAS/ROCAV/volcane.png
  artifactKey: Guid(05cbb65c35748134db4710c15eab7994) Importer(815301076,1909f56bfc062723c751e8b465ee728b)
Start importing Assets/ARTE/PISTAS/ROCAV/volcane.png using Guid(05cbb65c35748134db4710c15eab7994) Importer(815301076,1909f56bfc062723c751e8b465ee728b) (PreviewImporter) -> (artifact id: 'a67cde38ad39615982cee2edc45aa8e2') in 0.0161942 seconds
Number of updated asset objects reloaded before import = 0Number of asset objects unloaded after import = 3

========================================================================
Received Import Request.
  Time since last request: 13.521573 seconds.
  path: Assets/ARTE/PISTAS/ROCAV/volcanne.png
  artifactKey: Guid(f551fc262595ebd4ba520a65f930c90a) Importer(815301076,1909f56bfc062723c751e8b465ee728b)
Start importing Assets/ARTE/PISTAS/ROCAV/volcanne.png using Guid(f551fc262595ebd4ba520a65f930c90a) Importer(815301076,1909f56bfc062723c751e8b465ee728b) (PreviewImporter) -> (artifact id: '08112a630dc8637d2b4e146df3beb55d') in 0.0442402 seconds
Number of updated asset objects reloaded before import = 0Number of asset objects unloaded after import = 3

========================================================================
Received Import Request.
  Time since last request: 0.000061 seconds.
  path: Assets/ARTE/PISTAS/ROCAV/volcanpa.png
  artifactKey: Guid(0c752c3c91d9b514993e78318078d804) Importer(815301076,1909f56bfc062723c751e8b465ee728b)
Start importing Assets/ARTE/PISTAS/ROCAV/volcanpa.png using Guid(0c752c3c91d9b514993e78318078d804) Importer(815301076,1909f56bfc062723c751e8b465ee728b) (PreviewImporter) -> (artifact id: '0228e57611b05bd0d37bb2e7625bc2de') in 0.0301482 seconds
Number of updated asset objects reloaded before import = 0Number of asset objects unloaded after import = 3

========================================================================
Received Import Request.
  Time since last request: 12.970626 seconds.
  path: Assets/ARTE/PISTAS/ROCAV/volcans.png
  artifactKey: Guid(09ad726f742481742a6dade20a62b52a) Importer(815301076,1909f56bfc062723c751e8b465ee728b)
Start importing Assets/ARTE/PISTAS/ROCAV/volcans.png using Guid(09ad726f742481742a6dade20a62b52a) Importer(815301076,1909f56bfc062723c751e8b465ee728b) (PreviewImporter) -> (artifact id: '9ff46d78bb753f0c2f26f15592b88251') in 0.0276194 seconds
Number of updated asset objects reloaded before import = 0Number of asset objects unloaded after import = 3

========================================================================
Received Import Request.
  Time since last request: 0.000042 seconds.
  path: Assets/ARTE/PISTAS/ROCAV/volcanso.png
  artifactKey: Guid(cfc35fd563f5e4549bffa700dbf41030) Importer(815301076,1909f56bfc062723c751e8b465ee728b)
Start importing Assets/ARTE/PISTAS/ROCAV/volcanso.png using Guid(cfc35fd563f5e4549bffa700dbf41030) Importer(815301076,1909f56bfc062723c751e8b465ee728b) (PreviewImporter) -> (artifact id: '50ce1b0591ae19e5f81c5ea72f23e7a7') in 0.0259774 seconds
Number of updated asset objects reloaded before import = 0Number of asset objects unloaded after import = 3

========================================================================
Received Import Request.
  Time since last request: 65.993474 seconds.
  path: Assets/ARTE/PISTAS/ROCAV/vlcanlc.png
  artifactKey: Guid(7c423976afd9fa645bdd82c7c07b0cf6) Importer(815301076,1909f56bfc062723c751e8b465ee728b)
Start importing Assets/ARTE/PISTAS/ROCAV/vlcanlc.png using Guid(7c423976afd9fa645bdd82c7c07b0cf6) Importer(815301076,1909f56bfc062723c751e8b465ee728b) (PreviewImporter) -> (artifact id: '01f43d405484e969f1fede5bef6a08d9') in 0.1713507 seconds
Number of updated asset objects reloaded before import = 0Number of asset objects unloaded after import = 3

========================================================================
Received Import Request.
  Time since last request: 15.568450 seconds.
  path: Assets/ARTE/PISTAS/ROCAV/volcancc.png
  artifactKey: Guid(5d1f66dbebbf557489ea5f9f2b0be21d) Importer(815301076,1909f56bfc062723c751e8b465ee728b)
Start importing Assets/ARTE/PISTAS/ROCAV/volcancc.png using Guid(5d1f66dbebbf557489ea5f9f2b0be21d) Importer(815301076,1909f56bfc062723c751e8b465ee728b) (PreviewImporter) -> (artifact id: 'f33dd5e5a027ad7f1c027a37db80b1f6') in 0.0416946 seconds
Number of updated asset objects reloaded before import = 0Number of asset objects unloaded after import = 3

========================================================================
Received Import Request.
  Time since last request: 8.788363 seconds.
  path: Assets/ARTE/PISTAS/ROCAV/volcane.png
  artifactKey: Guid(05cbb65c35748134db4710c15eab7994) Importer(815301076,1909f56bfc062723c751e8b465ee728b)
Start importing Assets/ARTE/PISTAS/ROCAV/volcane.png using Guid(05cbb65c35748134db4710c15eab7994) Importer(815301076,1909f56bfc062723c751e8b465ee728b) (PreviewImporter) -> (artifact id: '932f51e4087a2901e4202e8d63334407') in 0.0379743 seconds
Number of updated asset objects reloaded before import = 0Number of asset objects unloaded after import = 3

========================================================================
Received Import Request.
  Time since last request: 11.050725 seconds.
  path: Assets/ARTE/PISTAS/ROCAV/volcanld.png
  artifactKey: Guid(da59cec5d23a1464583802c7586d7434) Importer(815301076,1909f56bfc062723c751e8b465ee728b)
Start importing Assets/ARTE/PISTAS/ROCAV/volcanld.png using Guid(da59cec5d23a1464583802c7586d7434) Importer(815301076,1909f56bfc062723c751e8b465ee728b) (PreviewImporter) -> (artifact id: '9f1d7274b1e1fc2a14bc28755b35133a') in 0.0255754 seconds
Number of updated asset objects reloaded before import = 0Number of asset objects unloaded after import = 3

========================================================================
Received Import Request.
  Time since last request: 11.258164 seconds.
  path: Assets/ARTE/PISTAS/ROCAV/volcanli.png
  artifactKey: Guid(214b1e15048e7f4418f2d5a279947b4b) Importer(815301076,1909f56bfc062723c751e8b465ee728b)
Start importing Assets/ARTE/PISTAS/ROCAV/volcanli.png using Guid(214b1e15048e7f4418f2d5a279947b4b) Importer(815301076,1909f56bfc062723c751e8b465ee728b) (PreviewImporter) -> (artifact id: 'bb68198cd9ba606a65e847b6083f469c') in 0.0301359 seconds
Number of updated asset objects reloaded before import = 0Number of asset objects unloaded after import = 3

========================================================================
Received Import Request.
  Time since last request: 11.511401 seconds.
  path: Assets/ARTE/PISTAS/ROCAV/volcann.png
  artifactKey: Guid(b81d6d2c0a56a234b938c871fb3cea97) Importer(815301076,1909f56bfc062723c751e8b465ee728b)
Start importing Assets/ARTE/PISTAS/ROCAV/volcann.png using Guid(b81d6d2c0a56a234b938c871fb3cea97) Importer(815301076,1909f56bfc062723c751e8b465ee728b) (PreviewImporter) -> (artifact id: 'b8d16cdc33dfcc140936b94473c9ff52') in 0.0262609 seconds
Number of updated asset objects reloaded before import = 0Number of asset objects unloaded after import = 3

========================================================================
Received Import Request.
  Time since last request: 11.490187 seconds.
  path: Assets/ARTE/PISTAS/ROCAV/volcanne.png
  artifactKey: Guid(f551fc262595ebd4ba520a65f930c90a) Importer(815301076,1909f56bfc062723c751e8b465ee728b)
Start importing Assets/ARTE/PISTAS/ROCAV/volcanne.png using Guid(f551fc262595ebd4ba520a65f930c90a) Importer(815301076,1909f56bfc062723c751e8b465ee728b) (PreviewImporter) -> (artifact id: '1af82420b7ae1635e5039bfa22bb2067') in 0.0136558 seconds
Number of updated asset objects reloaded before import = 0Number of asset objects unloaded after import = 3

========================================================================
Received Import Request.
  Time since last request: 12.705412 seconds.
  path: Assets/ARTE/PISTAS/ROCAV/volcanno.png
  artifactKey: Guid(adefc08428daa9c47845606f869a26e5) Importer(815301076,1909f56bfc062723c751e8b465ee728b)
Start importing Assets/ARTE/PISTAS/ROCAV/volcanno.png using Guid(adefc08428daa9c47845606f869a26e5) Importer(815301076,1909f56bfc062723c751e8b465ee728b) (PreviewImporter) -> (artifact id: 'a41ea5631d813a25838fb08190b7b29f') in 0.0271393 seconds
Number of updated asset objects reloaded before import = 0Number of asset objects unloaded after import = 3

========================================================================
Received Import Request.
  Time since last request: 7.388198 seconds.
  path: Assets/ARTE/PISTAS/ROCAV/volcano.png
  artifactKey: Guid(6d2e9f8405746714ea2dd65ef91f9d77) Importer(815301076,1909f56bfc062723c751e8b465ee728b)
Start importing Assets/ARTE/PISTAS/ROCAV/volcano.png using Guid(6d2e9f8405746714ea2dd65ef91f9d77) Importer(815301076,1909f56bfc062723c751e8b465ee728b) (PreviewImporter) -> (artifact id: 'aefce3e88cf57640970b11b84f3934f3') in 0.0249856 seconds
Number of updated asset objects reloaded before import = 0Number of asset objects unloaded after import = 3

========================================================================
Received Import Request.
  Time since last request: 11.358246 seconds.
  path: Assets/ARTE/PISTAS/ROCAV/volcanpa.png
  artifactKey: Guid(0c752c3c91d9b514993e78318078d804) Importer(815301076,1909f56bfc062723c751e8b465ee728b)
Start importing Assets/ARTE/PISTAS/ROCAV/volcanpa.png using Guid(0c752c3c91d9b514993e78318078d804) Importer(815301076,1909f56bfc062723c751e8b465ee728b) (PreviewImporter) -> (artifact id: 'e6d59c460f9eeeba8c402585d89d3efd') in 0.0368438 seconds
Number of updated asset objects reloaded before import = 0Number of asset objects unloaded after import = 3

========================================================================
Received Import Request.
  Time since last request: 11.310370 seconds.
  path: Assets/ARTE/PISTAS/ROCAV/volcanpb.png
  artifactKey: Guid(8e7b137915a732048b2340766db05b1b) Importer(815301076,1909f56bfc062723c751e8b465ee728b)
Start importing Assets/ARTE/PISTAS/ROCAV/volcanpb.png using Guid(8e7b137915a732048b2340766db05b1b) Importer(815301076,1909f56bfc062723c751e8b465ee728b) (PreviewImporter) -> (artifact id: 'e1c82878b303ce910b460bc8f596f2d1') in 0.0198128 seconds
Number of updated asset objects reloaded before import = 0Number of asset objects unloaded after import = 3

========================================================================
Received Import Request.
  Time since last request: 13.231272 seconds.
  path: Assets/ARTE/PISTAS/ROCAV/volcanpc.png
  artifactKey: Guid(27f148263b231214e9ad6abc333dec76) Importer(815301076,1909f56bfc062723c751e8b465ee728b)
Start importing Assets/ARTE/PISTAS/ROCAV/volcanpc.png using Guid(27f148263b231214e9ad6abc333dec76) Importer(815301076,1909f56bfc062723c751e8b465ee728b) (PreviewImporter) -> (artifact id: 'f3cbcaf69e5a6a95e243ca99e46ec57e') in 0.0276167 seconds
Number of updated asset objects reloaded before import = 0Number of asset objects unloaded after import = 3

========================================================================
Received Import Request.
  Time since last request: 14.082636 seconds.
  path: Assets/ARTE/PISTAS/ROCAV/volcans.png
  artifactKey: Guid(09ad726f742481742a6dade20a62b52a) Importer(815301076,1909f56bfc062723c751e8b465ee728b)
Start importing Assets/ARTE/PISTAS/ROCAV/volcans.png using Guid(09ad726f742481742a6dade20a62b52a) Importer(815301076,1909f56bfc062723c751e8b465ee728b) (PreviewImporter) -> (artifact id: '92160a647f0fb7f306a7dd96f0dd9c91') in 0.0241222 seconds
Number of updated asset objects reloaded before import = 0Number of asset objects unloaded after import = 3

========================================================================
Received Import Request.
  Time since last request: 10.509566 seconds.
  path: Assets/ARTE/PISTAS/ROCAV/volcanse.png
  artifactKey: Guid(853ac2ff04a1d9a4f8639ff778cd4b7b) Importer(815301076,1909f56bfc062723c751e8b465ee728b)
Start importing Assets/ARTE/PISTAS/ROCAV/volcanse.png using Guid(853ac2ff04a1d9a4f8639ff778cd4b7b) Importer(815301076,1909f56bfc062723c751e8b465ee728b) (PreviewImporter) -> (artifact id: '2a4a3208149b8be707ec22a41c13fd52') in 0.0336474 seconds
Number of updated asset objects reloaded before import = 0Number of asset objects unloaded after import = 3

========================================================================
Received Import Request.
  Time since last request: 36.484930 seconds.
  path: Assets/ARTE/PISTAS/ROCAV/volcanso.png
  artifactKey: Guid(cfc35fd563f5e4549bffa700dbf41030) Importer(815301076,1909f56bfc062723c751e8b465ee728b)
Start importing Assets/ARTE/PISTAS/ROCAV/volcanso.png using Guid(cfc35fd563f5e4549bffa700dbf41030) Importer(815301076,1909f56bfc062723c751e8b465ee728b) (PreviewImporter) -> (artifact id: 'a989c58785a132eaca01667efabaf263') in 0.0440345 seconds
Number of updated asset objects reloaded before import = 0Number of asset objects unloaded after import = 3

========================================================================
Received Import Request.
  Time since last request: 49.700961 seconds.
  path: Assets/ARTE/PISTAS/ROCAV/VOLCAN.asset
  artifactKey: Guid(4ca1b5d1ed9e46942957b3c73890ef43) Importer(815301076,1909f56bfc062723c751e8b465ee728b)
Start importing Assets/ARTE/PISTAS/ROCAV/VOLCAN.asset using Guid(4ca1b5d1ed9e46942957b3c73890ef43) Importer(815301076,1909f56bfc062723c751e8b465ee728b) (PreviewImporter) -> (artifact id: 'e5a00c7eccd2be9d926172310914f488') in 0.0472244 seconds
Number of updated asset objects reloaded before import = 0Number of asset objects unloaded after import = 1

========================================================================
Received Import Request.
  Time since last request: 582.574872 seconds.
  path: Assets/ARTE/PISTAS/ROCAV/volcanc.png
  artifactKey: Guid(e258f02775117074bb3a410a695e6adc) Importer(815301076,1909f56bfc062723c751e8b465ee728b)
Start importing Assets/ARTE/PISTAS/ROCAV/volcanc.png using Guid(e258f02775117074bb3a410a695e6adc) Importer(815301076,1909f56bfc062723c751e8b465ee728b) (PreviewImporter) -> (artifact id: '7597968441968d4615320a60b2349a6c') in 0.2054922 seconds
Number of updated asset objects reloaded before import = 0Number of asset objects unloaded after import = 3

========================================================================
Received Import Request.
  Time since last request: 17.714011 seconds.
  path: Assets/ARTE/PISTAS/ROCAV/volcanc.png
  artifactKey: Guid(e258f02775117074bb3a410a695e6adc) Importer(815301076,1909f56bfc062723c751e8b465ee728b)
Start importing Assets/ARTE/PISTAS/ROCAV/volcanc.png using Guid(e258f02775117074bb3a410a695e6adc) Importer(815301076,1909f56bfc062723c751e8b465ee728b) (PreviewImporter) -> (artifact id: '90cdefc468680fed90b96fdcc12a7d75') in 0.0162629 seconds
Number of updated asset objects reloaded before import = 0Number of asset objects unloaded after import = 3

========================================================================
Received Import Request.
  Time since last request: 90.438522 seconds.
  path: Assets/ARTE/PISTAS/ROCAV/VOLCAN.prefab
  artifactKey: Guid(8200d2114bfd0a94bb1c727aef1f3ca3) Importer(815301076,1909f56bfc062723c751e8b465ee728b)
Start importing Assets/ARTE/PISTAS/ROCAV/VOLCAN.prefab using Guid(8200d2114bfd0a94bb1c727aef1f3ca3) Importer(815301076,1909f56bfc062723c751e8b465ee728b) (PreviewImporter) -> (artifact id: '9bef86043e71fa7951aa453cd2eb3751') in 0.2875017 seconds
Number of updated asset objects reloaded before import = 0Number of asset objects unloaded after import = 10

========================================================================
Received Import Request.
  Time since last request: 18.868076 seconds.
  path: Assets/ARTE/PISTAS/ROCAV/VOLCAN.prefab
  artifactKey: Guid(8200d2114bfd0a94bb1c727aef1f3ca3) Importer(815301076,1909f56bfc062723c751e8b465ee728b)
Start importing Assets/ARTE/PISTAS/ROCAV/VOLCAN.prefab using Guid(8200d2114bfd0a94bb1c727aef1f3ca3) Importer(815301076,1909f56bfc062723c751e8b465ee728b) (PreviewImporter) -> (artifact id: 'e00b995a2c4764377392258b94bfa5e3') in 0.037192 seconds
Number of updated asset objects reloaded before import = 0Number of asset objects unloaded after import = 13

========================================================================
Received Import Request.
  Time since last request: 4036.469427 seconds.
  path: Assets/ARTE/PISTAS/CENIZA
  artifactKey: Guid(673909a366a85524ebb8e9420978f1e1) Importer(815301076,1909f56bfc062723c751e8b465ee728b)
Start importing Assets/ARTE/PISTAS/CENIZA using Guid(673909a366a85524ebb8e9420978f1e1) Importer(815301076,1909f56bfc062723c751e8b465ee728b) (PreviewImporter) -> (artifact id: '0e894b5449a1a268e696dbeae8a73173') in 0.0018492 seconds
Number of updated asset objects reloaded before import = 0Number of asset objects unloaded after import = 0

========================================================================
Received Import Request.
  Time since last request: 12.285742 seconds.
  path: Assets/ARTE/PISTAS/CENIZA/ceniza.png
  artifactKey: Guid(ee3bf4e7c80cb074fa682696c1acd387) Importer(815301076,1909f56bfc062723c751e8b465ee728b)
Start importing Assets/ARTE/PISTAS/CENIZA/ceniza.png using Guid(ee3bf4e7c80cb074fa682696c1acd387) Importer(815301076,1909f56bfc062723c751e8b465ee728b) (PreviewImporter) -> (artifact id: 'd7f32d3071463f2928a2b23a0acf91d5') in 0.1519241 seconds
Number of updated asset objects reloaded before import = 0Number of asset objects unloaded after import = 3

========================================================================
Received Import Request.
  Time since last request: 73.772663 seconds.
  path: Assets/ARTE/PISTAS/CENIZA/New Rule Tile.asset
  artifactKey: Guid(cf81df6f777f2134a93e6c6da0733af3) Importer(815301076,1909f56bfc062723c751e8b465ee728b)
Start importing Assets/ARTE/PISTAS/CENIZA/New Rule Tile.asset using Guid(cf81df6f777f2134a93e6c6da0733af3) Importer(815301076,1909f56bfc062723c751e8b465ee728b) (PreviewImporter) -> (artifact id: '3eb084a3a429706aed6791d2bb6be79e') in 0.0082446 seconds
Number of updated asset objects reloaded before import = 0Number of asset objects unloaded after import = 1

========================================================================
Received Import Request.
  Time since last request: 43.400923 seconds.
  path: Assets/ARTE/PISTAS/CENIZA/CENIZA.prefab
  artifactKey: Guid(2cf8fb2ca26118b4f8606274022a72ba) Importer(815301076,1909f56bfc062723c751e8b465ee728b)
Start importing Assets/ARTE/PISTAS/CENIZA/CENIZA.prefab using Guid(2cf8fb2ca26118b4f8606274022a72ba) Importer(815301076,1909f56bfc062723c751e8b465ee728b) (PreviewImporter) -> (artifact id: 'e64d592c65e24580a2bfa409a932ef22') in 0.0331867 seconds
Number of updated asset objects reloaded before import = 0Number of asset objects unloaded after import = 10

========================================================================
Received Import Request.
  Time since last request: 5.930757 seconds.
  path: Assets/ARTE/PISTAS/CENIZA/CENIZA.prefab
  artifactKey: Guid(2cf8fb2ca26118b4f8606274022a72ba) Importer(815301076,1909f56bfc062723c751e8b465ee728b)
Start importing Assets/ARTE/PISTAS/CENIZA/CENIZA.prefab using Guid(2cf8fb2ca26118b4f8606274022a72ba) Importer(815301076,1909f56bfc062723c751e8b465ee728b) (PreviewImporter) -> (artifact id: '04e4cf08ddb1aef3a2ee56ed454abad8') in 0.0195041 seconds
Number of updated asset objects reloaded before import = 0Number of asset objects unloaded after import = 13

========================================================================
Received Import Request.
  Time since last request: 116.535537 seconds.
  path: Assets/ARTE/PISTAS/CENIZA/CENIZA.prefab
  artifactKey: Guid(2cf8fb2ca26118b4f8606274022a72ba) Importer(815301076,1909f56bfc062723c751e8b465ee728b)
Start importing Assets/ARTE/PISTAS/CENIZA/CENIZA.prefab using Guid(2cf8fb2ca26118b4f8606274022a72ba) Importer(815301076,1909f56bfc062723c751e8b465ee728b) (PreviewImporter) -> (artifact id: '4c22bdaca06ad147e3539acf1426ea1a') in 0.0366215 seconds
Number of updated asset objects reloaded before import = 0Number of asset objects unloaded after import = 13

