Using pre-set license
Built from '6000.1/staging' branch; Version is '6000.1.13f1 (418bd0acaa6b) revision 4295632'; Using compiler version '194234433'; Build Type 'Release'
OS: 'Windows 11  (10.0.26100) 64bit Professional' Language: 'es' Physical Memory: 16134 MB
BatchMode: 1, IsHumanControllingUs: 0, StartBugReporterOnCrash: 0, Is64bit: 1, IsPro: 1
Date: 2025-12-07T01:27:51Z

COMMAND LINE ARGUMENTS:
C:\Program Files\Unity\Hub\Editor\6000.1.13f1\Editor\Unity.exe
-adb2
-batchMode
-noUpm
-name
AssetImportWorker4
-projectPath
C:/Users/PC/Documents/GitHub/bugalipsis
-logFile
Logs/AssetImportWorker4.log
-srvPort
64561
-job-worker-count
3
-background-job-worker-count
8
-gc-helper-count
1
-name
AssetImport
Successfully changed project path to: C:/Users/PC/Documents/GitHub/bugalipsis
C:/Users/PC/Documents/GitHub/bugalipsis
[UnityMemory] Configuration Parameters - Can be set up in boot.config
    "memorysetup-allocator-temp-initial-block-size-main=262144"
    "memorysetup-allocator-temp-initial-block-size-worker=262144"
    "memorysetup-bucket-allocator-granularity=16"
    "memorysetup-bucket-allocator-bucket-count=8"
    "memorysetup-bucket-allocator-block-size=33554432"
    "memorysetup-bucket-allocator-block-count=8"
    "memorysetup-main-allocator-block-size=16777216"
    "memorysetup-thread-allocator-block-size=16777216"
    "memorysetup-gfx-main-allocator-block-size=16777216"
    "memorysetup-gfx-thread-allocator-block-size=16777216"
    "memorysetup-cache-allocator-block-size=4194304"
    "memorysetup-typetree-allocator-block-size=2097152"
    "memorysetup-profiler-bucket-allocator-granularity=16"
    "memorysetup-profiler-bucket-allocator-bucket-count=8"
    "memorysetup-profiler-bucket-allocator-block-size=33554432"
    "memorysetup-profiler-bucket-allocator-block-count=8"
    "memorysetup-profiler-allocator-block-size=16777216"
    "memorysetup-profiler-editor-allocator-block-size=1048576"
    "memorysetup-temp-allocator-size-main=16777216"
    "memorysetup-job-temp-allocator-block-size=2097152"
    "memorysetup-job-temp-allocator-block-size-background=1048576"
    "memorysetup-job-temp-allocator-reduction-small-platforms=262144"
    "memorysetup-temp-allocator-size-background-worker=32768"
    "memorysetup-temp-allocator-size-job-worker=262144"
    "memorysetup-temp-allocator-size-preload-manager=33554432"
    "memorysetup-temp-allocator-size-nav-mesh-worker=65536"
    "memorysetup-temp-allocator-size-audio-worker=65536"
    "memorysetup-temp-allocator-size-cloud-worker=32768"
    "memorysetup-temp-allocator-size-gi-baking-worker=262144"
    "memorysetup-temp-allocator-size-gi-baking-worker=262144"
    "memorysetup-temp-allocator-size-gi-baking-worker=262144"
    "memorysetup-temp-allocator-size-gi-baking-worker=262144"
    "memorysetup-temp-allocator-size-gi-baking-worker=262144"
    "memorysetup-temp-allocator-size-gfx=262144"
Player connection [10608]  Target information:

Player connection [10608]  * "[IP] 192.168.100.23 [Port] 0 [Flags] 2 [Guid] 2101307523 [EditorId] 2101307523 [Version] 1048832 [Id] WindowsEditor(7,PC) [Debug] 1 [PackageName] WindowsEditor [ProjectName] Editor" 

Player connection [10608] Host joined multi-casting on [225.0.0.222:54997]...
Player connection [10608] Host joined alternative multi-casting on [225.0.0.222:34997]...
JobSystem: Creating JobQueue using job-worker-count value 3
Input System module state changed to: Initialized.
[Physics::Module] Initialized fallback backend.
[Physics::Module] Id: 0xdecafbad
Library Redirect Path: Library/
[Physics::Module] Selected backend.
[Physics::Module] Name: PhysX
[Physics::Module] Id: 0xf2b8ea05
[Physics::Module] SDK Version: 4.1.2
[Physics::Module] Integration Version: 1.0.0
[Physics::Module] Threading Mode: Multi-Threaded
Refreshing native plugins compatible for Editor in 14.71 ms, found 4 plugins.
Preloading 0 native plugins for Editor in 0.00 ms.
Initialize engine version: 6000.1.13f1 (418bd0acaa6b)
[Subsystems] Discovering subsystems at path C:/Program Files/Unity/Hub/Editor/6000.1.13f1/Editor/Data/Resources/UnitySubsystems
[Subsystems] Discovering subsystems at path C:/Users/PC/Documents/GitHub/bugalipsis/Assets
GfxDevice: creating device client; kGfxThreadingModeNonThreaded
Direct3D:
    Version:         Direct3D 12 [level 12.1]
    Renderer:        NVIDIA Quadro P520 (ID=0x1d34)
    Vendor:          NVIDIA
    VRAM:            1968 MB
    App VRAM Budget: 1673 MB
    Driver:          32.0.15.7357
Initialize mono
Mono path[0] = 'C:/Program Files/Unity/Hub/Editor/6000.1.13f1/Editor/Data/Managed'
Mono path[1] = 'C:/Program Files/Unity/Hub/Editor/6000.1.13f1/Editor/Data/MonoBleedingEdge/lib/mono/unityjit-win32'
Mono config path = 'C:/Program Files/Unity/Hub/Editor/6000.1.13f1/Editor/Data/MonoBleedingEdge/etc'
Using monoOptions --debugger-agent=transport=dt_socket,embedding=1,server=y,suspend=n,address=127.0.0.1:56660
Begin MonoManager ReloadAssembly
Registering precompiled unity dll's ...
Register platform support module: C:/Program Files/Unity/Hub/Editor/6000.1.13f1/Editor/Data/PlaybackEngines/WindowsStandaloneSupport/UnityEditor.WindowsStandalone.Extensions.dll
Registered in 0.004793 seconds.
- Loaded All Assemblies, in  0.939 seconds
Native extension for WindowsStandalone target not found
Mono: successfully reloaded assembly
- Finished resetting the current domain, in  0.664 seconds
Domain Reload Profiling: 1600ms
	BeginReloadAssembly (396ms)
		ExecutionOrderSort (0ms)
		DisableScriptedObjects (0ms)
		BackupInstance (0ms)
		ReleaseScriptingObjects (0ms)
		CreateAndSetChildDomain (1ms)
	RebuildCommonClasses (106ms)
	RebuildNativeTypeToScriptingClass (32ms)
	initialDomainReloadingComplete (114ms)
	LoadAllAssembliesAndSetupDomain (288ms)
		LoadAssemblies (386ms)
		RebuildTransferFunctionScriptingTraits (0ms)
		AnalyzeDomain (285ms)
			TypeCache.Refresh (283ms)
				TypeCache.ScanAssembly (261ms)
			BuildScriptInfoCaches (0ms)
			ResolveRequiredComponents (0ms)
	FinalizeReload (665ms)
		ReleaseScriptCaches (0ms)
		RebuildScriptCaches (0ms)
		SetupLoadedEditorAssemblies (584ms)
			LogAssemblyErrors (0ms)
			InitializePlatformSupportModulesInManaged (79ms)
			SetLoadedEditorAssemblies (6ms)
			BeforeProcessingInitializeOnLoad (130ms)
			ProcessInitializeOnLoadAttributes (280ms)
			ProcessInitializeOnLoadMethodAttributes (89ms)
			AfterProcessingInitializeOnLoad (0ms)
			EditorAssembliesLoaded (0ms)
		ExecutionOrderSort2 (0ms)
		AwakeInstancesAfterBackupRestoration (0ms)
========================================================================
Worker process is ready to serve import requests
Import Worker Mode flag is 0x00
Begin MonoManager ReloadAssembly
- Loaded All Assemblies, in  1.853 seconds
Refreshing native plugins compatible for Editor in 5.04 ms, found 4 plugins.
Native extension for WindowsStandalone target not found
Mono: successfully reloaded assembly
- Finished resetting the current domain, in  2.221 seconds
Domain Reload Profiling: 4066ms
	BeginReloadAssembly (293ms)
		ExecutionOrderSort (0ms)
		DisableScriptedObjects (9ms)
		BackupInstance (0ms)
		ReleaseScriptingObjects (0ms)
		CreateAndSetChildDomain (41ms)
	RebuildCommonClasses (72ms)
	RebuildNativeTypeToScriptingClass (27ms)
	initialDomainReloadingComplete (54ms)
	LoadAllAssembliesAndSetupDomain (1398ms)
		LoadAssemblies (743ms)
		RebuildTransferFunctionScriptingTraits (0ms)
		AnalyzeDomain (832ms)
			TypeCache.Refresh (644ms)
				TypeCache.ScanAssembly (607ms)
			BuildScriptInfoCaches (152ms)
			ResolveRequiredComponents (28ms)
	FinalizeReload (2223ms)
		ReleaseScriptCaches (0ms)
		RebuildScriptCaches (0ms)
		SetupLoadedEditorAssemblies (1884ms)
			LogAssemblyErrors (0ms)
			InitializePlatformSupportModulesInManaged (5ms)
			SetLoadedEditorAssemblies (10ms)
			BeforeProcessingInitializeOnLoad (437ms)
			ProcessInitializeOnLoadAttributes (1117ms)
			ProcessInitializeOnLoadMethodAttributes (301ms)
			AfterProcessingInitializeOnLoad (14ms)
			EditorAssembliesLoaded (0ms)
		ExecutionOrderSort2 (0ms)
		AwakeInstancesAfterBackupRestoration (18ms)
Launched and connected shader compiler UnityShaderCompiler.exe after 0.04 seconds
Refreshing native plugins compatible for Editor in 4.62 ms, found 4 plugins.
Preloading 0 native plugins for Editor in 0.00 ms.
Unloading 13 Unused Serialized files (Serialized files now loaded: 0)
Unloading 6712 unused Assets / (4.4 MB). Loaded Objects now: 7439.
Memory consumption went from 136.0 MB to 131.6 MB.
Total: 20.242000 ms (FindLiveObjects: 1.765800 ms CreateObjectMapping: 1.941200 ms MarkObjects: 11.818900 ms  DeleteObjects: 4.714100 ms)

========================================================================
Received Import Request.
  Time since last request: 1539543.165263 seconds.
  path: Assets/ARTE/PISTAS/META
  artifactKey: Guid(36b8ce9753ed7a946ad66f98c9248d61) Importer(815301076,1909f56bfc062723c751e8b465ee728b)
Start importing Assets/ARTE/PISTAS/META using Guid(36b8ce9753ed7a946ad66f98c9248d61) Importer(815301076,1909f56bfc062723c751e8b465ee728b) (PreviewImporter) -> (artifact id: 'e0e7351395d4912672651c4ed19b802f') in 0.0355798 seconds
Number of updated asset objects reloaded before import = 0Number of asset objects unloaded after import = 0

========================================================================
Received Import Request.
  Time since last request: 49.399655 seconds.
  path: Assets/ARTE/PISTAS/META/meta.png
  artifactKey: Guid(3ce421150f8d9b94b936a8dc8d262ccc) Importer(815301076,1909f56bfc062723c751e8b465ee728b)
Start importing Assets/ARTE/PISTAS/META/meta.png using Guid(3ce421150f8d9b94b936a8dc8d262ccc) Importer(815301076,1909f56bfc062723c751e8b465ee728b) (PreviewImporter) -> (artifact id: '7b90759f1e8d43ab934a4b30b104a11b') in 0.2921166 seconds
Number of updated asset objects reloaded before import = 0Number of asset objects unloaded after import = 3

========================================================================
Received Import Request.
  Time since last request: 15.926749 seconds.
  path: Assets/ARTE/PISTAS/META/meta.png
  artifactKey: Guid(3ce421150f8d9b94b936a8dc8d262ccc) Importer(815301076,1909f56bfc062723c751e8b465ee728b)
Start importing Assets/ARTE/PISTAS/META/meta.png using Guid(3ce421150f8d9b94b936a8dc8d262ccc) Importer(815301076,1909f56bfc062723c751e8b465ee728b) (PreviewImporter) -> (artifact id: 'd2f2a419c857954aa4ad2710587039ab') in 0.0433718 seconds
Number of updated asset objects reloaded before import = 0Number of asset objects unloaded after import = 3

========================================================================
Received Import Request.
  Time since last request: 44.056697 seconds.
  path: Assets/ARTE/PISTAS/META/Meta.prefab
  artifactKey: Guid(8fc07b3d34d59c64e996cec325d6d60d) Importer(815301076,1909f56bfc062723c751e8b465ee728b)
Start importing Assets/ARTE/PISTAS/META/Meta.prefab using Guid(8fc07b3d34d59c64e996cec325d6d60d) Importer(815301076,1909f56bfc062723c751e8b465ee728b) (PreviewImporter) -> (artifact id: '2a01bd734c47d2011febe13a3110aa46') in 0.6586396 seconds
Number of updated asset objects reloaded before import = 0Number of asset objects unloaded after import = 10

========================================================================
Received Import Request.
  Time since last request: 10.982119 seconds.
  path: Assets/ARTE/PISTAS/META/Meta.prefab
  artifactKey: Guid(8fc07b3d34d59c64e996cec325d6d60d) Importer(815301076,1909f56bfc062723c751e8b465ee728b)
Start importing Assets/ARTE/PISTAS/META/Meta.prefab using Guid(8fc07b3d34d59c64e996cec325d6d60d) Importer(815301076,1909f56bfc062723c751e8b465ee728b) (PreviewImporter) -> (artifact id: 'a48100cf7abd8978e510ea4eef28f67c') in 0.0205679 seconds
Number of updated asset objects reloaded before import = 0Number of asset objects unloaded after import = 10

========================================================================
Received Import Request.
  Time since last request: 4.779226 seconds.
  path: Assets/ARTE/PISTAS/META/Meta.prefab
  artifactKey: Guid(8fc07b3d34d59c64e996cec325d6d60d) Importer(815301076,1909f56bfc062723c751e8b465ee728b)
Start importing Assets/ARTE/PISTAS/META/Meta.prefab using Guid(8fc07b3d34d59c64e996cec325d6d60d) Importer(815301076,1909f56bfc062723c751e8b465ee728b) (PreviewImporter) -> (artifact id: '5eca6f862eff5ae6a21470e911bbe263') in 0.103611 seconds
Number of updated asset objects reloaded before import = 0Number of asset objects unloaded after import = 13

========================================================================
Received Import Request.
  Time since last request: 2708.906095 seconds.
  path: Assets/ARTE/PISTAS/AGUA
  artifactKey: Guid(5e90f913caf2e3945a831476a466ebee) Importer(815301076,1909f56bfc062723c751e8b465ee728b)
Start importing Assets/ARTE/PISTAS/AGUA using Guid(5e90f913caf2e3945a831476a466ebee) Importer(815301076,1909f56bfc062723c751e8b465ee728b) (PreviewImporter) -> (artifact id: 'ca14940a71aa971bea6549247ee8ea11') in 0.0020202 seconds
Number of updated asset objects reloaded before import = 0Number of asset objects unloaded after import = 0

========================================================================
Received Import Request.
  Time since last request: 27.088428 seconds.
  path: Assets/ARTE/PISTAS/AGUA/agua.png
  artifactKey: Guid(8b4faa1e59fe6f2498366aa55472c54f) Importer(815301076,1909f56bfc062723c751e8b465ee728b)
Start importing Assets/ARTE/PISTAS/AGUA/agua.png using Guid(8b4faa1e59fe6f2498366aa55472c54f) Importer(815301076,1909f56bfc062723c751e8b465ee728b) (PreviewImporter) -> (artifact id: 'e278756c20002358062b4303dd42532d') in 0.1140617 seconds
Number of updated asset objects reloaded before import = 0Number of asset objects unloaded after import = 3

========================================================================
Received Import Request.
  Time since last request: 13.991457 seconds.
  path: Assets/ARTE/PISTAS/AGUA/agua.png
  artifactKey: Guid(8b4faa1e59fe6f2498366aa55472c54f) Importer(815301076,1909f56bfc062723c751e8b465ee728b)
Start importing Assets/ARTE/PISTAS/AGUA/agua.png using Guid(8b4faa1e59fe6f2498366aa55472c54f) Importer(815301076,1909f56bfc062723c751e8b465ee728b) (PreviewImporter) -> (artifact id: '3bdc3cdabdff5d379555ba511bc6abd7') in 0.0225842 seconds
Number of updated asset objects reloaded before import = 0Number of asset objects unloaded after import = 3

========================================================================
Received Import Request.
  Time since last request: 101.619111 seconds.
  path: Assets/ARTE/PISTAS/AGUA/AGUA.prefab
  artifactKey: Guid(4a863cdf565b46648b28978895bcdf99) Importer(815301076,1909f56bfc062723c751e8b465ee728b)
Start importing Assets/ARTE/PISTAS/AGUA/AGUA.prefab using Guid(4a863cdf565b46648b28978895bcdf99) Importer(815301076,1909f56bfc062723c751e8b465ee728b) (PreviewImporter) -> (artifact id: 'fb09bcbdff3227234b52b9e9e33814df') in 0.088307 seconds
Number of updated asset objects reloaded before import = 0Number of asset objects unloaded after import = 10

========================================================================
Received Import Request.
  Time since last request: 6.762090 seconds.
  path: Assets/ARTE/PISTAS/AGUA/AGUA.prefab
  artifactKey: Guid(4a863cdf565b46648b28978895bcdf99) Importer(815301076,1909f56bfc062723c751e8b465ee728b)
Start importing Assets/ARTE/PISTAS/AGUA/AGUA.prefab using Guid(4a863cdf565b46648b28978895bcdf99) Importer(815301076,1909f56bfc062723c751e8b465ee728b) (PreviewImporter) -> (artifact id: '77cf8bd553fdb8e3dbbc5b36ed7255f9') in 0.0113332 seconds
Number of updated asset objects reloaded before import = 0Number of asset objects unloaded after import = 13

========================================================================
Received Import Request.
  Time since last request: 949.329036 seconds.
  path: Assets/ARTE/PISTAS/lodo
  artifactKey: Guid(90ba15f603436624fb9fb91679629ebd) Importer(815301076,1909f56bfc062723c751e8b465ee728b)
Start importing Assets/ARTE/PISTAS/lodo using Guid(90ba15f603436624fb9fb91679629ebd) Importer(815301076,1909f56bfc062723c751e8b465ee728b) (PreviewImporter) -> (artifact id: '82b3c64a35cc79d5246104c09f31b961') in 0.0009442 seconds
Number of updated asset objects reloaded before import = 0Number of asset objects unloaded after import = 0

========================================================================
Received Import Request.
  Time since last request: 19.580202 seconds.
  path: Assets/ARTE/PISTAS/lodo/lodo.png
  artifactKey: Guid(a10d8ee52c5277c4d955ed9611c6e6bc) Importer(815301076,1909f56bfc062723c751e8b465ee728b)
Start importing Assets/ARTE/PISTAS/lodo/lodo.png using Guid(a10d8ee52c5277c4d955ed9611c6e6bc) Importer(815301076,1909f56bfc062723c751e8b465ee728b) (PreviewImporter) -> (artifact id: '70e96ec5684f95ed59e3569b7e568af4') in 0.1657984 seconds
Number of updated asset objects reloaded before import = 0Number of asset objects unloaded after import = 3

========================================================================
Received Import Request.
  Time since last request: 16.963850 seconds.
  path: Assets/ARTE/PISTAS/lodo/lodo.png
  artifactKey: Guid(a10d8ee52c5277c4d955ed9611c6e6bc) Importer(815301076,1909f56bfc062723c751e8b465ee728b)
Start importing Assets/ARTE/PISTAS/lodo/lodo.png using Guid(a10d8ee52c5277c4d955ed9611c6e6bc) Importer(815301076,1909f56bfc062723c751e8b465ee728b) (PreviewImporter) -> (artifact id: 'f4483485538b0d60b09e4626c606767b') in 0.0119964 seconds
Number of updated asset objects reloaded before import = 0Number of asset objects unloaded after import = 3

========================================================================
Received Import Request.
  Time since last request: 14.628475 seconds.
  path: Assets/ARTE/PISTAS/lodo/Lodo.asset
  artifactKey: Guid(3df8be463b8926544802059ce625bb80) Importer(815301076,1909f56bfc062723c751e8b465ee728b)
Start importing Assets/ARTE/PISTAS/lodo/Lodo.asset using Guid(3df8be463b8926544802059ce625bb80) Importer(815301076,1909f56bfc062723c751e8b465ee728b) (PreviewImporter) -> (artifact id: 'a9d2f27c8e5f7b67bd8d574a22c3354d') in 0.0746642 seconds
Number of updated asset objects reloaded before import = 0Number of asset objects unloaded after import = 1

========================================================================
Received Import Request.
  Time since last request: 29.492628 seconds.
  path: Assets/ARTE/PISTAS/lodo/LODO.prefab
  artifactKey: Guid(b70694155b603c342bf76dc1119119da) Importer(815301076,1909f56bfc062723c751e8b465ee728b)
Start importing Assets/ARTE/PISTAS/lodo/LODO.prefab using Guid(b70694155b603c342bf76dc1119119da) Importer(815301076,1909f56bfc062723c751e8b465ee728b) (PreviewImporter) -> (artifact id: '29a23704325d17dcf91ea22442109e8e') in 0.0145984 seconds
Number of updated asset objects reloaded before import = 0Number of asset objects unloaded after import = 10

========================================================================
Received Import Request.
  Time since last request: 23.038007 seconds.
  path: Assets/ARTE/PISTAS/lodo/LODO.prefab
  artifactKey: Guid(b70694155b603c342bf76dc1119119da) Importer(815301076,1909f56bfc062723c751e8b465ee728b)
Start importing Assets/ARTE/PISTAS/lodo/LODO.prefab using Guid(b70694155b603c342bf76dc1119119da) Importer(815301076,1909f56bfc062723c751e8b465ee728b) (PreviewImporter) -> (artifact id: '714f07168d912f4e5107dbda8aa5a9f4') in 0.1057268 seconds
Number of updated asset objects reloaded before import = 0Number of asset objects unloaded after import = 13

========================================================================
Received Import Request.
  Time since last request: 1820.280469 seconds.
  path: Assets/ARTE/PISTAS/ROCA
  artifactKey: Guid(242372396f40b7043acfdd5caf13c14c) Importer(815301076,1909f56bfc062723c751e8b465ee728b)
Start importing Assets/ARTE/PISTAS/ROCA using Guid(242372396f40b7043acfdd5caf13c14c) Importer(815301076,1909f56bfc062723c751e8b465ee728b) (PreviewImporter) -> (artifact id: '56fc930bb7285dd7010c5dcb5cfbe46a') in 0.0016827 seconds
Number of updated asset objects reloaded before import = 0Number of asset objects unloaded after import = 0

========================================================================
Received Import Request.
  Time since last request: 13.087319 seconds.
  path: Assets/ARTE/PISTAS/ROCA/rocae.png
  artifactKey: Guid(5d4ba31cfdbd3b141841e364a8986a24) Importer(815301076,1909f56bfc062723c751e8b465ee728b)
Start importing Assets/ARTE/PISTAS/ROCA/rocae.png using Guid(5d4ba31cfdbd3b141841e364a8986a24) Importer(815301076,1909f56bfc062723c751e8b465ee728b) (PreviewImporter) -> (artifact id: '4591882c5d7f7ae0f9ce32d1507b7e6d') in 0.2146185 seconds
Number of updated asset objects reloaded before import = 0Number of asset objects unloaded after import = 3

========================================================================
Received Import Request.
  Time since last request: 0.000032 seconds.
  path: Assets/ARTE/PISTAS/ROCA/rocapa.png
  artifactKey: Guid(805850b0f412baa41b39e677c8245440) Importer(815301076,1909f56bfc062723c751e8b465ee728b)
Start importing Assets/ARTE/PISTAS/ROCA/rocapa.png using Guid(805850b0f412baa41b39e677c8245440) Importer(815301076,1909f56bfc062723c751e8b465ee728b) (PreviewImporter) -> (artifact id: '936ef1bea8942c5c5121ebc3dbc445b7') in 0.0304685 seconds
Number of updated asset objects reloaded before import = 0Number of asset objects unloaded after import = 3

========================================================================
Received Import Request.
  Time since last request: 0.000048 seconds.
  path: Assets/ARTE/PISTAS/ROCA/rocane.png
  artifactKey: Guid(25b690d7aea5a00419bbf2412c4e68cc) Importer(815301076,1909f56bfc062723c751e8b465ee728b)
Start importing Assets/ARTE/PISTAS/ROCA/rocane.png using Guid(25b690d7aea5a00419bbf2412c4e68cc) Importer(815301076,1909f56bfc062723c751e8b465ee728b) (PreviewImporter) -> (artifact id: '0f968c3aede4a3a894f84e8c6476359c') in 0.0151511 seconds
Number of updated asset objects reloaded before import = 0Number of asset objects unloaded after import = 3

========================================================================
Received Import Request.
  Time since last request: 0.000035 seconds.
  path: Assets/ARTE/PISTAS/ROCA/rocan.png
  artifactKey: Guid(11657e473fd72f04e93d6117ba416b3f) Importer(815301076,1909f56bfc062723c751e8b465ee728b)
Start importing Assets/ARTE/PISTAS/ROCA/rocan.png using Guid(11657e473fd72f04e93d6117ba416b3f) Importer(815301076,1909f56bfc062723c751e8b465ee728b) (PreviewImporter) -> (artifact id: '376929ec977d193584a6aa0d88889760') in 0.0274403 seconds
Number of updated asset objects reloaded before import = 0Number of asset objects unloaded after import = 3

========================================================================
Received Import Request.
  Time since last request: 0.000033 seconds.
  path: Assets/ARTE/PISTAS/ROCA/rocano.png
  artifactKey: Guid(f1e9beb6686415349bf3314f09f1712a) Importer(815301076,1909f56bfc062723c751e8b465ee728b)
Start importing Assets/ARTE/PISTAS/ROCA/rocano.png using Guid(f1e9beb6686415349bf3314f09f1712a) Importer(815301076,1909f56bfc062723c751e8b465ee728b) (PreviewImporter) -> (artifact id: 'bd5f137f06ea7384e09c5431c0eb597c') in 0.0211607 seconds
Number of updated asset objects reloaded before import = 0Number of asset objects unloaded after import = 3

========================================================================
Received Import Request.
  Time since last request: 0.000046 seconds.
  path: Assets/ARTE/PISTAS/ROCA/rocao.png
  artifactKey: Guid(a15a7d6071ef57a49abb79ebbf0b88e1) Importer(815301076,1909f56bfc062723c751e8b465ee728b)
Start importing Assets/ARTE/PISTAS/ROCA/rocao.png using Guid(a15a7d6071ef57a49abb79ebbf0b88e1) Importer(815301076,1909f56bfc062723c751e8b465ee728b) (PreviewImporter) -> (artifact id: '2c796f9ffb68d3e791a785d945076ef5') in 0.0168935 seconds
Number of updated asset objects reloaded before import = 0Number of asset objects unloaded after import = 3

========================================================================
Received Import Request.
  Time since last request: 0.000033 seconds.
  path: Assets/ARTE/PISTAS/ROCA/rocali.png
  artifactKey: Guid(37429fb1720e2114c8766706ad8a6d1d) Importer(815301076,1909f56bfc062723c751e8b465ee728b)
Start importing Assets/ARTE/PISTAS/ROCA/rocali.png using Guid(37429fb1720e2114c8766706ad8a6d1d) Importer(815301076,1909f56bfc062723c751e8b465ee728b) (PreviewImporter) -> (artifact id: 'eb76d60ff6de618a318363f89f2600da') in 0.0169655 seconds
Number of updated asset objects reloaded before import = 0Number of asset objects unloaded after import = 3

========================================================================
Received Import Request.
  Time since last request: 9.340984 seconds.
  path: Assets/ARTE/PISTAS/ROCA/rocae.png
  artifactKey: Guid(5d4ba31cfdbd3b141841e364a8986a24) Importer(815301076,1909f56bfc062723c751e8b465ee728b)
Start importing Assets/ARTE/PISTAS/ROCA/rocae.png using Guid(5d4ba31cfdbd3b141841e364a8986a24) Importer(815301076,1909f56bfc062723c751e8b465ee728b) (PreviewImporter) -> (artifact id: 'cc3595ae716188d20cfd788fd21954a0') in 0.0168962 seconds
Number of updated asset objects reloaded before import = 0Number of asset objects unloaded after import = 3

========================================================================
Received Import Request.
  Time since last request: 6.844318 seconds.
  path: Assets/ARTE/PISTAS/ROCA/rocalc.png
  artifactKey: Guid(e1c5df5136a82304b9da8cc808b7ad22) Importer(815301076,1909f56bfc062723c751e8b465ee728b)
Start importing Assets/ARTE/PISTAS/ROCA/rocalc.png using Guid(e1c5df5136a82304b9da8cc808b7ad22) Importer(815301076,1909f56bfc062723c751e8b465ee728b) (PreviewImporter) -> (artifact id: 'c3b656161eae567257b95785a9434dd9') in 0.017837 seconds
Number of updated asset objects reloaded before import = 0Number of asset objects unloaded after import = 3

========================================================================
Received Import Request.
  Time since last request: 12.738038 seconds.
  path: Assets/ARTE/PISTAS/ROCA/rocald.png
  artifactKey: Guid(114f34263ece30a4e961961342e89077) Importer(815301076,1909f56bfc062723c751e8b465ee728b)
Start importing Assets/ARTE/PISTAS/ROCA/rocald.png using Guid(114f34263ece30a4e961961342e89077) Importer(815301076,1909f56bfc062723c751e8b465ee728b) (PreviewImporter) -> (artifact id: '546e2e7e5d4119ee4362b93e26cb707d') in 0.0245257 seconds
Number of updated asset objects reloaded before import = 0Number of asset objects unloaded after import = 3

========================================================================
Received Import Request.
  Time since last request: 7.961699 seconds.
  path: Assets/ARTE/PISTAS/ROCA/rocali.png
  artifactKey: Guid(37429fb1720e2114c8766706ad8a6d1d) Importer(815301076,1909f56bfc062723c751e8b465ee728b)
Start importing Assets/ARTE/PISTAS/ROCA/rocali.png using Guid(37429fb1720e2114c8766706ad8a6d1d) Importer(815301076,1909f56bfc062723c751e8b465ee728b) (PreviewImporter) -> (artifact id: 'f53507c6ad3cf452e80adbc6520da331') in 0.0144188 seconds
Number of updated asset objects reloaded before import = 0Number of asset objects unloaded after import = 3

========================================================================
Received Import Request.
  Time since last request: 11.361968 seconds.
  path: Assets/ARTE/PISTAS/ROCA/rocan.png
  artifactKey: Guid(11657e473fd72f04e93d6117ba416b3f) Importer(815301076,1909f56bfc062723c751e8b465ee728b)
Start importing Assets/ARTE/PISTAS/ROCA/rocan.png using Guid(11657e473fd72f04e93d6117ba416b3f) Importer(815301076,1909f56bfc062723c751e8b465ee728b) (PreviewImporter) -> (artifact id: 'c970c58f815c1555ea582553b1147434') in 0.0194832 seconds
Number of updated asset objects reloaded before import = 0Number of asset objects unloaded after import = 3

========================================================================
Received Import Request.
  Time since last request: 11.657936 seconds.
  path: Assets/ARTE/PISTAS/ROCA/rocane.png
  artifactKey: Guid(25b690d7aea5a00419bbf2412c4e68cc) Importer(815301076,1909f56bfc062723c751e8b465ee728b)
Start importing Assets/ARTE/PISTAS/ROCA/rocane.png using Guid(25b690d7aea5a00419bbf2412c4e68cc) Importer(815301076,1909f56bfc062723c751e8b465ee728b) (PreviewImporter) -> (artifact id: '8e83da7790c68a4285b329d0c25afe36') in 0.023177 seconds
Number of updated asset objects reloaded before import = 0Number of asset objects unloaded after import = 3

========================================================================
Received Import Request.
  Time since last request: 13.390514 seconds.
  path: Assets/ARTE/PISTAS/ROCA/rocano.png
  artifactKey: Guid(f1e9beb6686415349bf3314f09f1712a) Importer(815301076,1909f56bfc062723c751e8b465ee728b)
Start importing Assets/ARTE/PISTAS/ROCA/rocano.png using Guid(f1e9beb6686415349bf3314f09f1712a) Importer(815301076,1909f56bfc062723c751e8b465ee728b) (PreviewImporter) -> (artifact id: 'dba80f10d3eb9c8dc7568b0d1c6e623a') in 0.0347734 seconds
Number of updated asset objects reloaded before import = 0Number of asset objects unloaded after import = 3

========================================================================
Received Import Request.
  Time since last request: 9.185757 seconds.
  path: Assets/ARTE/PISTAS/ROCA/rocao.png
  artifactKey: Guid(a15a7d6071ef57a49abb79ebbf0b88e1) Importer(815301076,1909f56bfc062723c751e8b465ee728b)
Start importing Assets/ARTE/PISTAS/ROCA/rocao.png using Guid(a15a7d6071ef57a49abb79ebbf0b88e1) Importer(815301076,1909f56bfc062723c751e8b465ee728b) (PreviewImporter) -> (artifact id: '4269d79edddd9c77d92baa2099263b19') in 0.0182745 seconds
Number of updated asset objects reloaded before import = 0Number of asset objects unloaded after import = 3

========================================================================
Received Import Request.
  Time since last request: 18.760005 seconds.
  path: Assets/ARTE/PISTAS/ROCA/rocapa.png
  artifactKey: Guid(805850b0f412baa41b39e677c8245440) Importer(815301076,1909f56bfc062723c751e8b465ee728b)
Start importing Assets/ARTE/PISTAS/ROCA/rocapa.png using Guid(805850b0f412baa41b39e677c8245440) Importer(815301076,1909f56bfc062723c751e8b465ee728b) (PreviewImporter) -> (artifact id: 'e4161d92c30cefda438d3b1389d00cf8') in 0.0132698 seconds
Number of updated asset objects reloaded before import = 0Number of asset objects unloaded after import = 3

========================================================================
Received Import Request.
  Time since last request: 8.584909 seconds.
  path: Assets/ARTE/PISTAS/ROCA/rocapb.png
  artifactKey: Guid(0e1bffa0f3f1d034abd843905d1b7c21) Importer(815301076,1909f56bfc062723c751e8b465ee728b)
Start importing Assets/ARTE/PISTAS/ROCA/rocapb.png using Guid(0e1bffa0f3f1d034abd843905d1b7c21) Importer(815301076,1909f56bfc062723c751e8b465ee728b) (PreviewImporter) -> (artifact id: 'c7a83a4ca0f77cd6dd69e5f8c2bf23ad') in 0.0172526 seconds
Number of updated asset objects reloaded before import = 0Number of asset objects unloaded after import = 3

========================================================================
Received Import Request.
  Time since last request: 9.598635 seconds.
  path: Assets/ARTE/PISTAS/ROCA/rocapc.png
  artifactKey: Guid(092e293339b455f499fa6e5a2db3bb9e) Importer(815301076,1909f56bfc062723c751e8b465ee728b)
Start importing Assets/ARTE/PISTAS/ROCA/rocapc.png using Guid(092e293339b455f499fa6e5a2db3bb9e) Importer(815301076,1909f56bfc062723c751e8b465ee728b) (PreviewImporter) -> (artifact id: '159483100c07126c75d9c95ef626dd7a') in 0.0163062 seconds
Number of updated asset objects reloaded before import = 0Number of asset objects unloaded after import = 3

========================================================================
Received Import Request.
  Time since last request: 9.744012 seconds.
  path: Assets/ARTE/PISTAS/ROCA/rocas.png
  artifactKey: Guid(95ba4b1d4c96ac144a9955547a2acca1) Importer(815301076,1909f56bfc062723c751e8b465ee728b)
Start importing Assets/ARTE/PISTAS/ROCA/rocas.png using Guid(95ba4b1d4c96ac144a9955547a2acca1) Importer(815301076,1909f56bfc062723c751e8b465ee728b) (PreviewImporter) -> (artifact id: '8e6dc81aada1eadb8f561dde74804aa7') in 0.0356743 seconds
Number of updated asset objects reloaded before import = 0Number of asset objects unloaded after import = 3

========================================================================
Received Import Request.
  Time since last request: 9.177675 seconds.
  path: Assets/ARTE/PISTAS/ROCA/rocase.png
  artifactKey: Guid(4375f9b086044e748a4f6c4e0be8c275) Importer(815301076,1909f56bfc062723c751e8b465ee728b)
Start importing Assets/ARTE/PISTAS/ROCA/rocase.png using Guid(4375f9b086044e748a4f6c4e0be8c275) Importer(815301076,1909f56bfc062723c751e8b465ee728b) (PreviewImporter) -> (artifact id: '65cb34db386e58dbb32e8044cf8b2d56') in 0.0149753 seconds
Number of updated asset objects reloaded before import = 0Number of asset objects unloaded after import = 3

========================================================================
Received Import Request.
  Time since last request: 9.058175 seconds.
  path: Assets/ARTE/PISTAS/ROCA/rocaso.png
  artifactKey: Guid(45ed90b9cb1b09d4196101265aa92fed) Importer(815301076,1909f56bfc062723c751e8b465ee728b)
Start importing Assets/ARTE/PISTAS/ROCA/rocaso.png using Guid(45ed90b9cb1b09d4196101265aa92fed) Importer(815301076,1909f56bfc062723c751e8b465ee728b) (PreviewImporter) -> (artifact id: '7e01dd7bafdc66195d4a19df53bcd87b') in 0.018516 seconds
Number of updated asset objects reloaded before import = 0Number of asset objects unloaded after import = 3

========================================================================
Received Import Request.
  Time since last request: 110.291824 seconds.
  path: Assets/ARTE/PISTAS/ROCA/New Rule Tile.asset
  artifactKey: Guid(72480065c9ea3644abdc7d0b4d5cb73d) Importer(815301076,1909f56bfc062723c751e8b465ee728b)
Start importing Assets/ARTE/PISTAS/ROCA/New Rule Tile.asset using Guid(72480065c9ea3644abdc7d0b4d5cb73d) Importer(815301076,1909f56bfc062723c751e8b465ee728b) (PreviewImporter) -> (artifact id: '1bc79fe05250d13049791c2e9de539a3') in 0.0184587 seconds
Number of updated asset objects reloaded before import = 0Number of asset objects unloaded after import = 1

========================================================================
Received Import Request.
  Time since last request: 37.693776 seconds.
  path: Assets/ARTE/PISTAS/ROCA/rocaso 1.png
  artifactKey: Guid(7524bda9f750c6b408f2e45d03392771) Importer(815301076,1909f56bfc062723c751e8b465ee728b)
Start importing Assets/ARTE/PISTAS/ROCA/rocaso 1.png using Guid(7524bda9f750c6b408f2e45d03392771) Importer(815301076,1909f56bfc062723c751e8b465ee728b) (PreviewImporter) -> (artifact id: '2e5800bb0d1c247bf21b559b64ad4e4d') in 0.0891625 seconds
Number of updated asset objects reloaded before import = 0Number of asset objects unloaded after import = 3

========================================================================
Received Import Request.
  Time since last request: 29.366861 seconds.
  path: Assets/ARTE/PISTAS/ROCA/ROCA.asset
  artifactKey: Guid(72480065c9ea3644abdc7d0b4d5cb73d) Importer(815301076,1909f56bfc062723c751e8b465ee728b)
Start importing Assets/ARTE/PISTAS/ROCA/ROCA.asset using Guid(72480065c9ea3644abdc7d0b4d5cb73d) Importer(815301076,1909f56bfc062723c751e8b465ee728b) (PreviewImporter) -> (artifact id: '700209eaf5d2076ccc5b59d9374f6b98') in 0.0028145 seconds
Number of updated asset objects reloaded before import = 0Number of asset objects unloaded after import = 1

========================================================================
Received Import Request.
  Time since last request: 12.403066 seconds.
  path: Assets/ARTE/PISTAS/ROCA/rocacc.png
  artifactKey: Guid(658c3c6c91b014e4aa6742e4999bdc28) Importer(815301076,1909f56bfc062723c751e8b465ee728b)
Start importing Assets/ARTE/PISTAS/ROCA/rocacc.png using Guid(658c3c6c91b014e4aa6742e4999bdc28) Importer(815301076,1909f56bfc062723c751e8b465ee728b) (PreviewImporter) -> (artifact id: 'c26e080b5e44504cf9b9a2b32f7eb6f8') in 0.1466639 seconds
Number of updated asset objects reloaded before import = 0Number of asset objects unloaded after import = 3

========================================================================
Received Import Request.
  Time since last request: 28.952424 seconds.
  path: Assets/ARTE/PISTAS/ROCA/rocacc 1.png
  artifactKey: Guid(c71ff131d69553840b63eba5d42ead43) Importer(815301076,1909f56bfc062723c751e8b465ee728b)
Start importing Assets/ARTE/PISTAS/ROCA/rocacc 1.png using Guid(c71ff131d69553840b63eba5d42ead43) Importer(815301076,1909f56bfc062723c751e8b465ee728b) (PreviewImporter) -> (artifact id: '29c4fe586f12fcc6cda501bc1446b011') in 0.0229571 seconds
Number of updated asset objects reloaded before import = 0Number of asset objects unloaded after import = 3

========================================================================
Received Import Request.
  Time since last request: 26.409115 seconds.
  path: Assets/ARTE/PISTAS/ROCA/rocacc.png
  artifactKey: Guid(658c3c6c91b014e4aa6742e4999bdc28) Importer(815301076,1909f56bfc062723c751e8b465ee728b)
Start importing Assets/ARTE/PISTAS/ROCA/rocacc.png using Guid(658c3c6c91b014e4aa6742e4999bdc28) Importer(815301076,1909f56bfc062723c751e8b465ee728b) (PreviewImporter) -> (artifact id: 'ec10fdc30012f096f22f6d8d3f622ba7') in 0.0161921 seconds
Number of updated asset objects reloaded before import = 0Number of asset objects unloaded after import = 3

========================================================================
Received Import Request.
  Time since last request: 171.412152 seconds.
  path: Assets/ARTE/MENU/volcanpix.png
  artifactKey: Guid(dfccf478628508241ad4241973921c03) Importer(815301076,1909f56bfc062723c751e8b465ee728b)
Start importing Assets/ARTE/MENU/volcanpix.png using Guid(dfccf478628508241ad4241973921c03) Importer(815301076,1909f56bfc062723c751e8b465ee728b) (PreviewImporter) -> (artifact id: 'ec4e4630ca13e91b174b03ba1b3ab022') in 0.026528 seconds
Number of updated asset objects reloaded before import = 0Number of asset objects unloaded after import = 3

========================================================================
Received Import Request.
  Time since last request: 83.383676 seconds.
  path: Assets/ARTE/PISTAS/ROCA/ROCA.prefab
  artifactKey: Guid(362ef79aa1114cd47b79f223fd059ba7) Importer(815301076,1909f56bfc062723c751e8b465ee728b)
Start importing Assets/ARTE/PISTAS/ROCA/ROCA.prefab using Guid(362ef79aa1114cd47b79f223fd059ba7) Importer(815301076,1909f56bfc062723c751e8b465ee728b) (PreviewImporter) -> (artifact id: '9fbc5bad089e217997bc438db19a9ae6') in 0.0176261 seconds
Number of updated asset objects reloaded before import = 0Number of asset objects unloaded after import = 10

========================================================================
Received Import Request.
  Time since last request: 5.664428 seconds.
  path: Assets/ARTE/PISTAS/ROCA/ROCA.prefab
  artifactKey: Guid(362ef79aa1114cd47b79f223fd059ba7) Importer(815301076,1909f56bfc062723c751e8b465ee728b)
Start importing Assets/ARTE/PISTAS/ROCA/ROCA.prefab using Guid(362ef79aa1114cd47b79f223fd059ba7) Importer(815301076,1909f56bfc062723c751e8b465ee728b) (PreviewImporter) -> (artifact id: '879e3c72ec4c3a8d1e050d21484d9c51') in 0.027225 seconds
Number of updated asset objects reloaded before import = 0Number of asset objects unloaded after import = 13

========================================================================
Received Import Request.
  Time since last request: 120.205550 seconds.
  path: Assets/ARTE/PISTAS/ROCA/rocac.png
  artifactKey: Guid(a0290620698425c4a836cf3af18a2ae9) Importer(815301076,1909f56bfc062723c751e8b465ee728b)
Start importing Assets/ARTE/PISTAS/ROCA/rocac.png using Guid(a0290620698425c4a836cf3af18a2ae9) Importer(815301076,1909f56bfc062723c751e8b465ee728b) (PreviewImporter) -> (artifact id: '2a7e1e02b9442a8564a4b980b757b3ab') in 0.1452245 seconds
Number of updated asset objects reloaded before import = 0Number of asset objects unloaded after import = 3

========================================================================
Received Import Request.
  Time since last request: 12.120762 seconds.
  path: Assets/ARTE/PISTAS/ROCA/rocac.png
  artifactKey: Guid(a0290620698425c4a836cf3af18a2ae9) Importer(815301076,1909f56bfc062723c751e8b465ee728b)
Start importing Assets/ARTE/PISTAS/ROCA/rocac.png using Guid(a0290620698425c4a836cf3af18a2ae9) Importer(815301076,1909f56bfc062723c751e8b465ee728b) (PreviewImporter) -> (artifact id: '19de72e29320e52e55d5cb73771aa25b') in 0.0117943 seconds
Number of updated asset objects reloaded before import = 0Number of asset objects unloaded after import = 3

========================================================================
Received Import Request.
  Time since last request: 425.550501 seconds.
  path: Assets/DefaultVolumeProfile.asset
  artifactKey: Guid(3f9215ea0144899419cfbc0957140d3f) Importer(815301076,1909f56bfc062723c751e8b465ee728b)
Start importing Assets/DefaultVolumeProfile.asset using Guid(3f9215ea0144899419cfbc0957140d3f) Importer(815301076,1909f56bfc062723c751e8b465ee728b) (PreviewImporter) -> (artifact id: '65636432c56742a06922c04c04ec00a3') in 0.002044 seconds
Number of updated asset objects reloaded before import = 0Number of asset objects unloaded after import = 0

========================================================================
Received Import Request.
  Time since last request: 0.000043 seconds.
  path: Assets/InputSystem_Actions.inputactions
  artifactKey: Guid(2bcd2660ca9b64942af0de543d8d7100) Importer(815301076,1909f56bfc062723c751e8b465ee728b)
Start importing Assets/InputSystem_Actions.inputactions using Guid(2bcd2660ca9b64942af0de543d8d7100) Importer(815301076,1909f56bfc062723c751e8b465ee728b) (PreviewImporter) -> (artifact id: '6b2564eaa9f4e1c9db0aa8e3ea579112') in 0.0274821 seconds
Number of updated asset objects reloaded before import = 0Number of asset objects unloaded after import = 19

========================================================================
Received Import Request.
  Time since last request: 1.750340 seconds.
  path: Assets/Scenes
  artifactKey: Guid(109e9bdd0fcc649c5bc59085c35bdc83) Importer(815301076,1909f56bfc062723c751e8b465ee728b)
Start importing Assets/Scenes using Guid(109e9bdd0fcc649c5bc59085c35bdc83) Importer(815301076,1909f56bfc062723c751e8b465ee728b) (PreviewImporter) -> (artifact id: '73258d2a0164082a0def4806f88e2269') in 0.0007377 seconds
Number of updated asset objects reloaded before import = 0Number of asset objects unloaded after import = 0

========================================================================
Received Import Request.
  Time since last request: 7.685258 seconds.
  path: Assets/Scenes/New Scene.unity
  artifactKey: Guid(2c8dd8528374d1d44bf7436e04cab9dd) Importer(815301076,1909f56bfc062723c751e8b465ee728b)
Start importing Assets/Scenes/New Scene.unity using Guid(2c8dd8528374d1d44bf7436e04cab9dd) Importer(815301076,1909f56bfc062723c751e8b465ee728b) (PreviewImporter) -> (artifact id: '19cdd7afcf4625c0892bea6080f6ef60') in 0.0017858 seconds
Number of updated asset objects reloaded before import = 0Number of asset objects unloaded after import = 0

